Archive member included to satisfy reference by file (symbol)

/Applications/ArmGNUToolchain/14.2.rel1/arm-none-eabi/bin/../lib/gcc/arm-none-eabi/14.2.1/../../../../arm-none-eabi/lib/thumb/v7e-m+dp/hard/libg_nano.a(libc_a-exit.o)
                              /Applications/ArmGNUToolchain/14.2.rel1/arm-none-eabi/bin/../lib/gcc/arm-none-eabi/14.2.1/../../../../arm-none-eabi/lib/thumb/v7e-m+dp/hard/crt0.o (exit)
/Applications/ArmGNUToolchain/14.2.rel1/arm-none-eabi/bin/../lib/gcc/arm-none-eabi/14.2.1/../../../../arm-none-eabi/lib/thumb/v7e-m+dp/hard/libg_nano.a(libc_a-findfp.o)
                              /Applications/ArmGNUToolchain/14.2.rel1/arm-none-eabi/bin/../lib/gcc/arm-none-eabi/14.2.1/../../../../arm-none-eabi/lib/thumb/v7e-m+dp/hard/libg_nano.a(libc_a-exit.o) (__stdio_exit_handler)
/Applications/ArmGNUToolchain/14.2.rel1/arm-none-eabi/bin/../lib/gcc/arm-none-eabi/14.2.1/../../../../arm-none-eabi/lib/thumb/v7e-m+dp/hard/libg_nano.a(libc_a-fwalk.o)
                              /Applications/ArmGNUToolchain/14.2.rel1/arm-none-eabi/bin/../lib/gcc/arm-none-eabi/14.2.1/../../../../arm-none-eabi/lib/thumb/v7e-m+dp/hard/libg_nano.a(libc_a-findfp.o) (_fwalk_sglue)
/Applications/ArmGNUToolchain/14.2.rel1/arm-none-eabi/bin/../lib/gcc/arm-none-eabi/14.2.1/../../../../arm-none-eabi/lib/thumb/v7e-m+dp/hard/libg_nano.a(libc_a-memset.o)
                              /Applications/ArmGNUToolchain/14.2.rel1/arm-none-eabi/bin/../lib/gcc/arm-none-eabi/14.2.1/../../../../arm-none-eabi/lib/thumb/v7e-m+dp/hard/crt0.o (memset)
/Applications/ArmGNUToolchain/14.2.rel1/arm-none-eabi/bin/../lib/gcc/arm-none-eabi/14.2.1/../../../../arm-none-eabi/lib/thumb/v7e-m+dp/hard/libg_nano.a(libc_a-errno.o)
                              CMakeFiles/H750VB.dir/Core/Src/sysmem.c.obj (__errno)
/Applications/ArmGNUToolchain/14.2.rel1/arm-none-eabi/bin/../lib/gcc/arm-none-eabi/14.2.1/../../../../arm-none-eabi/lib/thumb/v7e-m+dp/hard/libg_nano.a(libc_a-init.o)
                              /Applications/ArmGNUToolchain/14.2.rel1/arm-none-eabi/bin/../lib/gcc/arm-none-eabi/14.2.1/../../../../arm-none-eabi/lib/thumb/v7e-m+dp/hard/crt0.o (__libc_init_array)
/Applications/ArmGNUToolchain/14.2.rel1/arm-none-eabi/bin/../lib/gcc/arm-none-eabi/14.2.1/../../../../arm-none-eabi/lib/thumb/v7e-m+dp/hard/libg_nano.a(libc_a-lock.o)
                              /Applications/ArmGNUToolchain/14.2.rel1/arm-none-eabi/bin/../lib/gcc/arm-none-eabi/14.2.1/../../../../arm-none-eabi/lib/thumb/v7e-m+dp/hard/libg_nano.a(libc_a-findfp.o) (__retarget_lock_init_recursive)
/Applications/ArmGNUToolchain/14.2.rel1/arm-none-eabi/bin/../lib/gcc/arm-none-eabi/14.2.1/../../../../arm-none-eabi/lib/thumb/v7e-m+dp/hard/libg_nano.a(libc_a-impure.o)
                              /Applications/ArmGNUToolchain/14.2.rel1/arm-none-eabi/bin/../lib/gcc/arm-none-eabi/14.2.1/../../../../arm-none-eabi/lib/thumb/v7e-m+dp/hard/libg_nano.a(libc_a-errno.o) (_impure_ptr)
/Applications/ArmGNUToolchain/14.2.rel1/arm-none-eabi/bin/../lib/gcc/arm-none-eabi/14.2.1/../../../../arm-none-eabi/lib/thumb/v7e-m+dp/hard/libg_nano.a(libc_a-memcpy-stub.o)
                              cmake/stm32cubemx/CMakeFiles/FreeRTOS.dir/__/__/Middlewares/Third_Party/FreeRTOS/Source/queue.c.obj (memcpy)
/Applications/ArmGNUToolchain/14.2.rel1/arm-none-eabi/bin/../lib/gcc/arm-none-eabi/14.2.1/../../../../arm-none-eabi/lib/thumb/v7e-m+dp/hard/libg_nano.a(libc_a-mallocr.o)
                              /Applications/ArmGNUToolchain/14.2.rel1/arm-none-eabi/bin/../lib/gcc/arm-none-eabi/14.2.1/../../../../arm-none-eabi/lib/thumb/v7e-m+dp/hard/libg_nano.a(libc_a-findfp.o) (_malloc_r)
/Applications/ArmGNUToolchain/14.2.rel1/arm-none-eabi/bin/../lib/gcc/arm-none-eabi/14.2.1/../../../../arm-none-eabi/lib/thumb/v7e-m+dp/hard/libg_nano.a(libc_a-fflush.o)
                              /Applications/ArmGNUToolchain/14.2.rel1/arm-none-eabi/bin/../lib/gcc/arm-none-eabi/14.2.1/../../../../arm-none-eabi/lib/thumb/v7e-m+dp/hard/libg_nano.a(libc_a-findfp.o) (_fflush_r)
/Applications/ArmGNUToolchain/14.2.rel1/arm-none-eabi/bin/../lib/gcc/arm-none-eabi/14.2.1/../../../../arm-none-eabi/lib/thumb/v7e-m+dp/hard/libg_nano.a(libc_a-mlock.o)
                              /Applications/ArmGNUToolchain/14.2.rel1/arm-none-eabi/bin/../lib/gcc/arm-none-eabi/14.2.1/../../../../arm-none-eabi/lib/thumb/v7e-m+dp/hard/libg_nano.a(libc_a-mallocr.o) (__malloc_lock)
/Applications/ArmGNUToolchain/14.2.rel1/arm-none-eabi/bin/../lib/gcc/arm-none-eabi/14.2.1/../../../../arm-none-eabi/lib/thumb/v7e-m+dp/hard/libg_nano.a(libc_a-stdio.o)
                              /Applications/ArmGNUToolchain/14.2.rel1/arm-none-eabi/bin/../lib/gcc/arm-none-eabi/14.2.1/../../../../arm-none-eabi/lib/thumb/v7e-m+dp/hard/libg_nano.a(libc_a-findfp.o) (__sread)
/Applications/ArmGNUToolchain/14.2.rel1/arm-none-eabi/bin/../lib/gcc/arm-none-eabi/14.2.1/../../../../arm-none-eabi/lib/thumb/v7e-m+dp/hard/libg_nano.a(libc_a-lseekr.o)
[...]
Memory Configuration

Name             Origin             Length             Attributes
DTCMRAM          0x20000000         0x00020000         xrw
RAM              0x24000000         0x00080000         xrw
RAM_D2           0x30000000         0x00048000         xrw
RAM_D3           0x38000000         0x00010000         xrw
ITCMRAM          0x00000000         0x00010000         xrw
FLASH            0x08000000         0x00020000         xr
*default*        0x00000000         0xffffffff

Linker script and memory map

LOAD /Applications/ArmGNUToolchain/14.2.rel1/arm-none-eabi/bin/../lib/gcc/arm-none-eabi/14.2.1/thumb/v7e-m+dp/hard/crti.o
LOAD /Applications/ArmGNUToolchain/14.2.rel1/arm-none-eabi/bin/../lib/gcc/arm-none-eabi/14.2.1/thumb/v7e-m+dp/hard/crtbegin.o
LOAD /Applications/ArmGNUToolchain/14.2.rel1/arm-none-eabi/bin/../lib/gcc/arm-none-eabi/14.2.1/../../../../arm-none-eabi/lib/thumb/v7e-m+dp/hard/crt0.o
LOAD cmake/stm32cubemx/CMakeFiles/STM32_Drivers.dir/__/__/Core/Src/system_stm32h7xx.c.obj
LOAD cmake/stm32cubemx/CMakeFiles/STM32_Drivers.dir/__/__/Drivers/STM32H7xx_HAL_Driver/Src/stm32h7xx_hal_cortex.c.obj
LOAD cmake/stm32cubemx/CMakeFiles/STM32_Drivers.dir/__/__/Drivers/STM32H7xx_HAL_Driver/Src/stm32h7xx_hal_rcc.c.obj
LOAD cmake/stm32cubemx/CMakeFiles/STM32_Drivers.dir/__/__/Drivers/STM32H7xx_HAL_Driver/Src/stm32h7xx_hal_rcc_ex.c.obj
LOAD cmake/stm32cubemx/CMakeFiles/STM32_Drivers.dir/__/__/Drivers/STM32H7xx_HAL_Driver/Src/stm32h7xx_hal_flash.c.obj
LOAD cmake/stm32cubemx/CMakeFiles/STM32_Drivers.dir/__/__/Drivers/STM32H7xx_HAL_Driver/Src/stm32h7xx_hal_flash_ex.c.obj
LOAD cmake/stm32cubemx/CMakeFiles/STM32_Drivers.dir/__/__/Drivers/STM32H7xx_HAL_Driver/Src/stm32h7xx_hal_gpio.c.obj
LOAD cmake/stm32cubemx/CMakeFiles/STM32_Drivers.dir/__/__/Drivers/STM32H7xx_HAL_Driver/Src/stm32h7xx_hal_hsem.c.obj
LOAD cmake/stm32cubemx/CMakeFiles/STM32_Drivers.dir/__/__/Drivers/STM32H7xx_HAL_Driver/Src/stm32h7xx_hal_dma.c.obj
LOAD cmake/stm32cubemx/CMakeFiles/STM32_Drivers.dir/__/__/Drivers/STM32H7xx_HAL_Driver/Src/stm32h7xx_hal_dma_ex.c.obj
LOAD cmake/stm32cubemx/CMakeFiles/STM32_Drivers.dir/__/__/Drivers/STM32H7xx_HAL_Driver/Src/stm32h7xx_hal_mdma.c.obj
LOAD cmake/stm32cubemx/CMakeFiles/STM32_Drivers.dir/__/__/Drivers/STM32H7xx_HAL_Driver/Src/stm32h7xx_hal_pwr.c.obj
LOAD cmake/stm32cubemx/CMakeFiles/STM32_Drivers.dir/__/__/Drivers/STM32H7xx_HAL_Driver/Src/stm32h7xx_hal_pwr_ex.c.obj
LOAD cmake/stm32cubemx/CMakeFiles/STM32_Drivers.dir/__/__/Drivers/STM32H7xx_HAL_Driver/Src/stm32h7xx_hal.c.obj
LOAD cmake/stm32cubemx/CMakeFiles/STM32_Drivers.dir/__/__/Drivers/STM32H7xx_HAL_Driver/Src/stm32h7xx_hal_i2c.c.obj
LOAD cmake/stm32cubemx/CMakeFiles/STM32_Drivers.dir/__/__/Drivers/STM32H7xx_HAL_Driver/Src/stm32h7xx_hal_i2c_ex.c.obj
LOAD cmake/stm32cubemx/CMakeFiles/STM32_Drivers.dir/__/__/Drivers/STM32H7xx_HAL_Driver/Src/stm32h7xx_hal_exti.c.obj
LOAD cmake/stm32cubemx/CMakeFiles/STM32_Drivers.dir/__/__/Drivers/STM32H7xx_HAL_Driver/Src/stm32h7xx_hal_tim.c.obj
LOAD cmake/stm32cubemx/CMakeFiles/STM32_Drivers.dir/__/__/Drivers/STM32H7xx_HAL_Driver/Src/stm32h7xx_hal_tim_ex.c.obj
LOAD cmake/stm32cubemx/CMakeFiles/FreeRTOS.dir/__/__/Middlewares/Third_Party/FreeRTOS/Source/portable/Common/mpu_wrappers_v2.c.obj
LOAD cmake/stm32cubemx/CMakeFiles/FreeRTOS.dir/__/__/Middlewares/Third_Party/FreeRTOS/Source/croutine.c.obj
LOAD cmake/stm32cubemx/CMakeFiles/FreeRTOS.dir/__/__/Middlewares/Third_Party/FreeRTOS/Source/event_groups.c.obj
LOAD cmake/stm32cubemx/CMakeFiles/FreeRTOS.dir/__/__/Middlewares/Third_Party/FreeRTOS/Source/list.c.obj
LOAD cmake/stm32cubemx/CMakeFiles/FreeRTOS.dir/__/__/Middlewares/Third_Party/FreeRTOS/Source/queue.c.obj
LOAD cmake/stm32cubemx/CMakeFiles/FreeRTOS.dir/__/__/Middlewares/Third_Party/FreeRTOS/Source/stream_buffer.c.obj
LOAD cmake/stm32cubemx/CMakeFiles/FreeRTOS.dir/__/__/Middlewares/Third_Party/FreeRTOS/Source/tasks.c.obj
LOAD cmake/stm32cubemx/CMakeFiles/FreeRTOS.dir/__/__/Middlewares/Third_Party/FreeRTOS/Source/timers.c.obj
LOAD cmake/stm32cubemx/CMakeFiles/FreeRTOS.dir/__/__/Middlewares/Third_Party/FreeRTOS/Source/CMSIS_RTOS_V2/cmsis_os2.c.obj
LOAD cmake/stm32cubemx/CMakeFiles/FreeRTOS.dir/__/__/Middlewares/Third_Party/FreeRTOS/Source/portable/MemMang/heap_4.c.obj
LOAD cmake/stm32cubemx/CMakeFiles/FreeRTOS.dir/__/__/Middlewares/Third_Party/FreeRTOS/Source/portable/GCC/ARM_CM4F/port.c.obj
LOAD CMakeFiles/H750VB.dir/Core/Src/main.c.obj
LOAD CMakeFiles/H750VB.dir/Core/Src/debug_tools.c.obj
LOAD CMakeFiles/H750VB.dir/Core/Src/freertos.c.obj
LOAD CMakeFiles/H750VB.dir/os/Task/os_task.c.obj
LOAD CMakeFiles/H750VB.dir/Services/network/ethernet.c.obj
LOAD CMakeFiles/H750VB.dir/Services/logger/logger.c.obj
LOAD CMakeFiles/H750VB.dir/Core/Src/stm32h7xx_it.c.obj
LOAD CMakeFiles/H750VB.dir/Core/Src/stm32h7xx_hal_msp.c.obj
LOAD CMakeFiles/H750VB.dir/Core/Src/sysmem.c.obj
LOAD CMakeFiles/H750VB.dir/Core/Src/syscalls.c.obj
LOAD CMakeFiles/H750VB.dir/startup_stm32h750xx.s.obj
LOAD /Applications/ArmGNUToolchain/14.2.rel1/arm-none-eabi/bin/../lib/gcc/arm-none-eabi/14.2.1/../../../../arm-none-eabi/lib/thumb/v7e-m+dp/hard/libm.a
START GROUP
LOAD /Applications/ArmGNUToolchain/14.2.rel1/arm-none-eabi/bin/../lib/gcc/arm-none-eabi/14.2.1/thumb/v7e-m+dp/hard/libgcc.a
LOAD /Applications/ArmGNUToolchain/14.2.rel1/arm-none-eabi/bin/../lib/gcc/arm-none-eabi/14.2.1/../../../../arm-none-eabi/lib/thumb/v7e-m+dp/hard/libg_nano.a
LOAD /Applications/ArmGNUToolchain/14.2.rel1/arm-none-eabi/bin/../lib/gcc/arm-none-eabi/14.2.1/../../../../arm-none-eabi/lib/thumb/v7e-m+dp/hard/libc_nano.a
END GROUP
START GROUP
LOAD /Applications/ArmGNUToolchain/14.2.rel1/arm-none-eabi/bin/../lib/gcc/arm-none-eabi/14.2.1/thumb/v7e-m+dp/hard/libgcc.a
LOAD /Applications/ArmGNUToolchain/14.2.rel1/arm-none-eabi/bin/../lib/gcc/arm-none-eabi/14.2.1/../../../../arm-none-eabi/lib/thumb/v7e-m+dp/hard/libc_nano.a
END GROUP
LOAD /Applications/ArmGNUToolchain/14.2.rel1/arm-none-eabi/bin/../lib/gcc/arm-none-eabi/14.2.1/thumb/v7e-m+dp/hard/crtend.o
LOAD /Applications/ArmGNUToolchain/14.2.rel1/arm-none-eabi/bin/../lib/gcc/arm-none-eabi/14.2.1/thumb/v7e-m+dp/hard/crtn.o
                0x20020000                        _estack = (ORIGIN (DTCMRAM) + LENGTH (DTCMRAM))
                0x2001fc00                        _sstack = (_estack - _Min_Stack_Size)
                0x00000200                        _Min_Heap_Size = 0x200
                0x00000400                        _Min_Stack_Size = 0x400

.isr_vector     0x08000000      0x298
                0x08000000                        . = ALIGN (0x4)
 *(.isr_vector)
 .isr_vector    0x08000000      0x298 CMakeFiles/H750VB.dir/startup_stm32h750xx.s.obj
                0x08000000                g_pfnVectors
                0x08000298                        . = ALIGN (0x4)

.text           0x080002a0     0x4260
                0x080002a0                        . = ALIGN (0x4)
 *(.text)
 *(.text*)
 .text.deregister_tm_clones
                0x080002a0       0x1c /Applications/ArmGNUToolchain/14.2.rel1/arm-none-eabi/bin/../lib/gcc/arm-none-eabi/14.2.1/thumb/v7e-m+dp/hard/crtbegin.o
 .text.register_tm_clones
                0x080002bc       0x24 /Applications/ArmGNUToolchain/14.2.rel1/arm-none-eabi/bin/../lib/gcc/arm-none-eabi/14.2.1/thumb/v7e-m+dp/hard/crtbegin.o
 .text.__do_global_dtors_aux
                0x080002e0       0x28 /Applications/ArmGNUToolchain/14.2.rel1/arm-none-eabi/bin/../lib/gcc/arm-none-eabi/14.2.1/thumb/v7e-m+dp/hard/crtbegin.o
 .text.frame_dummy
                0x08000308       0x24 /Applications/ArmGNUToolchain/14.2.rel1/arm-none-eabi/bin/../lib/gcc/arm-none-eabi/14.2.1/thumb/v7e-m+dp/hard/crtbegin.o
 .text.SystemInit
                0x0800032c      0x140 cmake/stm32cubemx/CMakeFiles/STM32_Drivers.dir/__/__/Core/Src/system_stm32h7xx.c.obj
                0x0800032c                SystemInit
 .text.ExitRun0Mode
                0x0800046c       0x18 cmake/stm32cubemx/CMakeFiles/STM32_Drivers.dir/__/__/Core/Src/system_stm32h7xx.c.obj
                0x0800046c                ExitRun0Mode
 .text.__NVIC_SetPriorityGrouping
                0x08000484       0x48 cmake/stm32cubemx/CMakeFiles/STM32_Drivers.dir/__/__/Drivers/STM32H7xx_HAL_Driver/Src/stm32h7xx_hal_cortex.c.obj
 .text.__NVIC_GetPriorityGrouping
                0x080004cc       0x1c cmake/stm32cubemx/CMakeFiles/STM32_Drivers.dir/__/__/Drivers/STM32H7xx_HAL_Driver/Src/stm32h7xx_hal_cortex.c.obj
 .text.__NVIC_SetPriority
                0x080004e8       0x54 cmake/stm32cubemx/CMakeFiles/STM32_Drivers.dir/__/__/Drivers/STM32H7xx_HAL_Driver/Src/stm32h7xx_hal_cortex.c.obj
 .text.NVIC_EncodePriority
                0x0800053c       0x66 cmake/stm32cubemx/CMakeFiles/STM32_Drivers.dir/__/__/Drivers/STM32H7xx_HAL_Driver/Src/stm32h7xx_hal_cortex.c.obj
 *fill*         0x080005a2        0x2 
 .text.SysTick_Config
                0x080005a4       0x44 cmake/stm32cubemx/CMakeFiles/STM32_Drivers.dir/__/__/Drivers/STM32H7xx_HAL_Driver/Src/stm32h7xx_hal_cortex.c.obj
 .text.HAL_NVIC_SetPriorityGrouping
                0x080005e8       0x16 cmake/stm32cubemx/CMakeFiles/STM32_Drivers.dir/__/__/Drivers/STM32H7xx_HAL_Driver/Src/stm32h7xx_hal_cortex.c.obj
                0x080005e8                HAL_NVIC_SetPriorityGrouping
 .text.HAL_NVIC_SetPriority
                0x080005fe       0x34 cmake/stm32cubemx/CMakeFiles/STM32_Drivers.dir/__/__/Drivers/STM32H7xx_HAL_Driver/Src/stm32h7xx_hal_cortex.c.obj
                0x080005fe                HAL_NVIC_SetPriority
 .text.HAL_SYSTICK_Config
                0x08000632       0x18 cmake/stm32cubemx/CMakeFiles/STM32_Drivers.dir/__/__/Drivers/STM32H7xx_HAL_Driver/Src/stm32h7xx_hal_cortex.c.obj
                0x08000632                HAL_SYSTICK_Config
 *fill*         0x0800064a        0x2 
 .text.HAL_MPU_Disable
                0x0800064c       0x30 cmake/stm32cubemx/CMakeFiles/STM32_Drivers.dir/__/__/Drivers/STM32H7xx_HAL_Driver/Src/stm32h7xx_hal_cortex.c.obj
                0x0800064c                HAL_MPU_Disable
 .text.HAL_MPU_Enable
                0x0800067c       0x40 cmake/stm32cubemx/CMakeFiles/STM32_Drivers.dir/__/__/Drivers/STM32H7xx_HAL_Driver/Src/stm32h7xx_hal_cortex.c.obj
                0x0800067c                HAL_MPU_Enable
 .text.HAL_MPU_ConfigRegion
                0x080006bc       0x80 cmake/stm32cubemx/CMakeFiles/STM32_Drivers.dir/__/__/Drivers/STM32H7xx_HAL_Driver/Src/stm32h7xx_hal_cortex.c.obj
                0x080006bc                HAL_MPU_ConfigRegion
 .text.HAL_RCC_OscConfig
                0x0800073c      0x8b4 cmake/stm32cubemx/CMakeFiles/STM32_Drivers.dir/__/__/Drivers/STM32H7xx_HAL_Driver/Src/stm32h7xx_hal_rcc.c.obj
                0x0800073c                HAL_RCC_OscConfig
 .text.HAL_RCC_ClockConfig
                0x08000ff0      0x36c cmake/stm32cubemx/CMakeFiles/STM32_Drivers.dir/__/__/Drivers/STM32H7xx_HAL_Driver/Src/stm32h7xx_hal_rcc.c.obj
                0x08000ff0                HAL_RCC_ClockConfig
 .text.HAL_RCC_GetSysClockFreq
                0x0800135c      0x2f4 cmake/stm32cubemx/CMakeFiles/STM32_Drivers.dir/__/__/Drivers/STM32H7xx_HAL_Driver/Src/stm32h7xx_hal_rcc.c.obj
                0x0800135c                HAL_RCC_GetSysClockFreq
 .text.HAL_GPIO_Init
                0x08001650      0x374 cmake/stm32cubemx/CMakeFiles/STM32_Drivers.dir/__/__/Drivers/STM32H7xx_HAL_Driver/Src/stm32h7xx_hal_gpio.c.obj
                0x08001650                HAL_GPIO_Init
 .text.HAL_GPIO_WritePin
                0x080019c4       0x32 cmake/stm32cubemx/CMakeFiles/STM32_Drivers.dir/__/__/Drivers/STM32H7xx_HAL_Driver/Src/stm32h7xx_hal_gpio.c.obj
                0x080019c4                HAL_GPIO_WritePin
 .text.HAL_GPIO_TogglePin
                0x080019f6       0x34 cmake/stm32cubemx/CMakeFiles/STM32_Drivers.dir/__/__/Drivers/STM32H7xx_HAL_Driver/Src/stm32h7xx_hal_gpio.c.obj
                0x080019f6                HAL_GPIO_TogglePin
 *fill*         0x08001a2a        0x2 
 .text.HAL_PWREx_ConfigSupply
                0x08001a2c       0x74 cmake/stm32cubemx/CMakeFiles/STM32_Drivers.dir/__/__/Drivers/STM32H7xx_HAL_Driver/Src/stm32h7xx_hal_pwr_ex.c.obj
                0x08001a2c                HAL_PWREx_ConfigSupply
 .text.HAL_Init
                0x08001aa0       0x78 cmake/stm32cubemx/CMakeFiles/STM32_Drivers.dir/__/__/Drivers/STM32H7xx_HAL_Driver/Src/stm32h7xx_hal.c.obj
                0x08001aa0                HAL_Init
 .text.HAL_InitTick
                0x08001b18       0x6c cmake/stm32cubemx/CMakeFiles/STM32_Drivers.dir/__/__/Drivers/STM32H7xx_HAL_Driver/Src/stm32h7xx_hal.c.obj
                0x08001b18                HAL_InitTick
 .text.HAL_IncTick
                0x08001b84       0x28 cmake/stm32cubemx/CMakeFiles/STM32_Drivers.dir/__/__/Drivers/STM32H7xx_HAL_Driver/Src/stm32h7xx_hal.c.obj
                0x08001b84                HAL_IncTick
 .text.HAL_GetTick
                0x08001bac       0x18 cmake/stm32cubemx/CMakeFiles/STM32_Drivers.dir/__/__/Drivers/STM32H7xx_HAL_Driver/Src/stm32h7xx_hal.c.obj
                0x08001bac                HAL_GetTick
 .text.HAL_GetREVID
                0x08001bc4       0x18 cmake/stm32cubemx/CMakeFiles/STM32_Drivers.dir/__/__/Drivers/STM32H7xx_HAL_Driver/Src/stm32h7xx_hal.c.obj
                0x08001bc4                HAL_GetREVID
 .text.HAL_SYSCFG_AnalogSwitchConfig
                0x08001bdc       0x2c cmake/stm32cubemx/CMakeFiles/STM32_Drivers.dir/__/__/Drivers/STM32H7xx_HAL_Driver/Src/stm32h7xx_hal.c.obj
                0x08001bdc                HAL_SYSCFG_AnalogSwitchConfig
 .text.vListInitialise
                0x08001c08       0x40 cmake/stm32cubemx/CMakeFiles/FreeRTOS.dir/__/__/Middlewares/Third_Party/FreeRTOS/Source/list.c.obj
                0x08001c08                vListInitialise
 .text.vListInitialiseItem
                0x08001c48       0x1a cmake/stm32cubemx/CMakeFiles/FreeRTOS.dir/__/__/Middlewares/Third_Party/FreeRTOS/Source/list.c.obj
                0x08001c48                vListInitialiseItem
 .text.vListInsert
                0x08001c62       0x72 cmake/stm32cubemx/CMakeFiles/FreeRTOS.dir/__/__/Middlewares/Third_Party/FreeRTOS/Source/list.c.obj
                0x08001c62                vListInsert
 .text.uxListRemove
                0x08001cd4       0x54 cmake/stm32cubemx/CMakeFiles/FreeRTOS.dir/__/__/Middlewares/Third_Party/FreeRTOS/Source/list.c.obj
                0x08001cd4                uxListRemove
 .text.xQueueGenericReset
                0x08001d28      0x11c cmake/stm32cubemx/CMakeFiles/FreeRTOS.dir/__/__/Middlewares/Third_Party/FreeRTOS/Source/queue.c.obj
                0x08001d28                xQueueGenericReset
 .text.xQueueGenericCreateStatic
                0x08001e44       0xb4 cmake/stm32cubemx/CMakeFiles/FreeRTOS.dir/__/__/Middlewares/Third_Party/FreeRTOS/Source/queue.c.obj
                0x08001e44                xQueueGenericCreateStatic
 .text.prvInitialiseNewQueue
                0x08001ef8       0x46 cmake/stm32cubemx/CMakeFiles/FreeRTOS.dir/__/__/Middlewares/Third_Party/FreeRTOS/Source/queue.c.obj
 *fill*         0x08001f3e        0x2 
 .text.xQueueReceive
                0x08001f40      0x1b8 cmake/stm32cubemx/CMakeFiles/FreeRTOS.dir/__/__/Middlewares/Third_Party/FreeRTOS/Source/queue.c.obj
                0x08001f40                xQueueReceive
 .text.prvCopyDataFromQueue
                0x080020f8       0x4c cmake/stm32cubemx/CMakeFiles/FreeRTOS.dir/__/__/Middlewares/Third_Party/FreeRTOS/Source/queue.c.obj
 .text.prvUnlockQueue
                0x08002144       0xa4 cmake/stm32cubemx/CMakeFiles/FreeRTOS.dir/__/__/Middlewares/Third_Party/FreeRTOS/Source/queue.c.obj
 .text.prvIsQueueEmpty
                0x080021e8       0x2c cmake/stm32cubemx/CMakeFiles/FreeRTOS.dir/__/__/Middlewares/Third_Party/FreeRTOS/Source/queue.c.obj
 .text.vQueueAddToRegistry
                0x08002214       0x98 cmake/stm32cubemx/CMakeFiles/FreeRTOS.dir/__/__/Middlewares/Third_Party/FreeRTOS/Source/queue.c.obj
                0x08002214                vQueueAddToRegistry
 .text.vQueueWaitForMessageRestricted
                0x080022ac       0x68 cmake/stm32cubemx/CMakeFiles/FreeRTOS.dir/__/__/Middlewares/Third_Party/FreeRTOS/Source/queue.c.obj
                0x080022ac                vQueueWaitForMessageRestricted
 .text.xTaskCreateStatic
                0x08002314       0xbc cmake/stm32cubemx/CMakeFiles/FreeRTOS.dir/__/__/Middlewares/Third_Party/FreeRTOS/Source/tasks.c.obj
                0x08002314                xTaskCreateStatic
 .text.prvInitialiseNewTask
                0x080023d0      0x118 cmake/stm32cubemx/CMakeFiles/FreeRTOS.dir/__/__/Middlewares/Third_Party/FreeRTOS/Source/tasks.c.obj
 .text.prvAddNewTaskToReadyList
                0x080024e8      0x130 cmake/stm32cubemx/CMakeFiles/FreeRTOS.dir/__/__/Middlewares/Third_Party/FreeRTOS/Source/tasks.c.obj
 .text.vTaskDelay
                0x08002618       0x68 cmake/stm32cubemx/CMakeFiles/FreeRTOS.dir/__/__/Middlewares/Third_Party/FreeRTOS/Source/tasks.c.obj
                0x08002618                vTaskDelay
 .text.vTaskStartScheduler
                0x08002680       0xd8 cmake/stm32cubemx/CMakeFiles/FreeRTOS.dir/__/__/Middlewares/Third_Party/FreeRTOS/Source/tasks.c.obj
                0x08002680                vTaskStartScheduler
 .text.vTaskSuspendAll
                0x08002758       0x1c cmake/stm32cubemx/CMakeFiles/FreeRTOS.dir/__/__/Middlewares/Third_Party/FreeRTOS/Source/tasks.c.obj
                0x08002758                vTaskSuspendAll
 .text.xTaskResumeAll
                0x08002774      0x1f8 cmake/stm32cubemx/CMakeFiles/FreeRTOS.dir/__/__/Middlewares/Third_Party/FreeRTOS/Source/tasks.c.obj
                0x08002774                xTaskResumeAll
 .text.xTaskGetTickCount
                0x0800296c       0x20 cmake/stm32cubemx/CMakeFiles/FreeRTOS.dir/__/__/Middlewares/Third_Party/FreeRTOS/Source/tasks.c.obj
                0x0800296c                xTaskGetTickCount
 .text.xTaskIncrementTick
                0x0800298c      0x230 cmake/stm32cubemx/CMakeFiles/FreeRTOS.dir/__/__/Middlewares/Third_Party/FreeRTOS/Source/tasks.c.obj
                0x0800298c                xTaskIncrementTick
 .text.vTaskSwitchContext
                0x08002bbc      0x104 cmake/stm32cubemx/CMakeFiles/FreeRTOS.dir/__/__/Middlewares/Third_Party/FreeRTOS/Source/tasks.c.obj
                0x08002bbc                vTaskSwitchContext
 .text.vTaskPlaceOnEventList
                0x08002cc0       0x48 cmake/stm32cubemx/CMakeFiles/FreeRTOS.dir/__/__/Middlewares/Third_Party/FreeRTOS/Source/tasks.c.obj
                0x08002cc0                vTaskPlaceOnEventList
 .text.vTaskPlaceOnEventListRestricted
                0x08002d08       0x8c cmake/stm32cubemx/CMakeFiles/FreeRTOS.dir/__/__/Middlewares/Third_Party/FreeRTOS/Source/tasks.c.obj
                0x08002d08                vTaskPlaceOnEventListRestricted
 .text.xTaskRemoveFromEventList
                0x08002d94      0x1ac cmake/stm32cubemx/CMakeFiles/FreeRTOS.dir/__/__/Middlewares/Third_Party/FreeRTOS/Source/tasks.c.obj
                0x08002d94                xTaskRemoveFromEventList
 .text.vTaskInternalSetTimeOutState
                0x08002f40       0x2c cmake/stm32cubemx/CMakeFiles/FreeRTOS.dir/__/__/Middlewares/Third_Party/FreeRTOS/Source/tasks.c.obj
                0x08002f40                vTaskInternalSetTimeOutState
 .text.xTaskCheckForTimeOut
                0x08002f6c       0xc8 cmake/stm32cubemx/CMakeFiles/FreeRTOS.dir/__/__/Middlewares/Third_Party/FreeRTOS/Source/tasks.c.obj
                0x08002f6c                xTaskCheckForTimeOut
 .text.vTaskMissedYield
                0x08003034       0x18 cmake/stm32cubemx/CMakeFiles/FreeRTOS.dir/__/__/Middlewares/Third_Party/FreeRTOS/Source/tasks.c.obj
                0x08003034                vTaskMissedYield
 .text.prvIdleTask
                0x0800304c       0x30 cmake/stm32cubemx/CMakeFiles/FreeRTOS.dir/__/__/Middlewares/Third_Party/FreeRTOS/Source/tasks.c.obj
 .text.prvInitialiseTaskLists
                0x0800307c       0x80 cmake/stm32cubemx/CMakeFiles/FreeRTOS.dir/__/__/Middlewares/Third_Party/FreeRTOS/Source/tasks.c.obj
 .text.prvCheckTasksWaitingTermination
                0x080030fc       0x5c cmake/stm32cubemx/CMakeFiles/FreeRTOS.dir/__/__/Middlewares/Third_Party/FreeRTOS/Source/tasks.c.obj
 .text.prvDeleteTCB
                0x08003158       0x60 cmake/stm32cubemx/CMakeFiles/FreeRTOS.dir/__/__/Middlewares/Third_Party/FreeRTOS/Source/tasks.c.obj
 .text.prvResetNextTaskUnblockTime
                0x080031b8       0x38 cmake/stm32cubemx/CMakeFiles/FreeRTOS.dir/__/__/Middlewares/Third_Party/FreeRTOS/Source/tasks.c.obj
 .text.xTaskGetSchedulerState
                0x080031f0       0x3c cmake/stm32cubemx/CMakeFiles/FreeRTOS.dir/__/__/Middlewares/Third_Party/FreeRTOS/Source/tasks.c.obj
                0x080031f0                xTaskGetSchedulerState
 .text.prvAddCurrentTaskToDelayedList
                0x0800322c       0xdc cmake/stm32cubemx/CMakeFiles/FreeRTOS.dir/__/__/Middlewares/Third_Party/FreeRTOS/Source/tasks.c.obj
 .text.xTimerCreateTimerTask
                0x08003308       0x90 cmake/stm32cubemx/CMakeFiles/FreeRTOS.dir/__/__/Middlewares/Third_Party/FreeRTOS/Source/timers.c.obj
                0x08003308                xTimerCreateTimerTask
 .text.prvReloadTimer
                0x08003398       0x42 cmake/stm32cubemx/CMakeFiles/FreeRTOS.dir/__/__/Middlewares/Third_Party/FreeRTOS/Source/timers.c.obj
 *fill*         0x080033da        0x2 
 .text.prvProcessExpiredTimer
                0x080033dc       0x60 cmake/stm32cubemx/CMakeFiles/FreeRTOS.dir/__/__/Middlewares/Third_Party/FreeRTOS/Source/timers.c.obj
 .text.prvTimerTask
                0x0800343c       0x26 cmake/stm32cubemx/CMakeFiles/FreeRTOS.dir/__/__/Middlewares/Third_Party/FreeRTOS/Source/timers.c.obj
 *fill*         0x08003462        0x2 
 .text.prvProcessTimerOrBlockTask
                0x08003464       0x9c cmake/stm32cubemx/CMakeFiles/FreeRTOS.dir/__/__/Middlewares/Third_Party/FreeRTOS/Source/timers.c.obj
 .text.prvGetNextExpireTime
                0x08003500       0x48 cmake/stm32cubemx/CMakeFiles/FreeRTOS.dir/__/__/Middlewares/Third_Party/FreeRTOS/Source/timers.c.obj
 .text.prvSampleTimeNow
                0x08003548       0x40 cmake/stm32cubemx/CMakeFiles/FreeRTOS.dir/__/__/Middlewares/Third_Party/FreeRTOS/Source/timers.c.obj
 .text.prvInsertTimerInActiveList
                0x08003588       0x84 cmake/stm32cubemx/CMakeFiles/FreeRTOS.dir/__/__/Middlewares/Third_Party/FreeRTOS/Source/timers.c.obj
 .text.prvProcessReceivedCommands
                0x0800360c      0x1b4 cmake/stm32cubemx/CMakeFiles/FreeRTOS.dir/__/__/Middlewares/Third_Party/FreeRTOS/Source/timers.c.obj
 .text.prvSwitchTimerLists
                0x080037c0       0x4c cmake/stm32cubemx/CMakeFiles/FreeRTOS.dir/__/__/Middlewares/Third_Party/FreeRTOS/Source/timers.c.obj
 .text.prvCheckForValidListAndQueue
                0x0800380c       0x80 cmake/stm32cubemx/CMakeFiles/FreeRTOS.dir/__/__/Middlewares/Third_Party/FreeRTOS/Source/timers.c.obj
 .text.__NVIC_SetPriority
                0x0800388c       0x54 cmake/stm32cubemx/CMakeFiles/FreeRTOS.dir/__/__/Middlewares/Third_Party/FreeRTOS/Source/CMSIS_RTOS_V2/cmsis_os2.c.obj
 .text.SVC_Setup
                0x080038e0       0x12 cmake/stm32cubemx/CMakeFiles/FreeRTOS.dir/__/__/Middlewares/Third_Party/FreeRTOS/Source/CMSIS_RTOS_V2/cmsis_os2.c.obj
 .text.IRQ_Context
                0x080038f2       0x4e cmake/stm32cubemx/CMakeFiles/FreeRTOS.dir/__/__/Middlewares/Third_Party/FreeRTOS/Source/CMSIS_RTOS_V2/cmsis_os2.c.obj
 .text.osKernelInitialize
                0x08003940       0x4c cmake/stm32cubemx/CMakeFiles/FreeRTOS.dir/__/__/Middlewares/Third_Party/FreeRTOS/Source/CMSIS_RTOS_V2/cmsis_os2.c.obj
                0x08003940                osKernelInitialize
 .text.osKernelStart
                0x0800398c       0x54 cmake/stm32cubemx/CMakeFiles/FreeRTOS.dir/__/__/Middlewares/Third_Party/FreeRTOS/Source/CMSIS_RTOS_V2/cmsis_os2.c.obj
                0x0800398c                osKernelStart
 .text.vApplicationGetIdleTaskMemory
                0x080039e0       0x34 cmake/stm32cubemx/CMakeFiles/FreeRTOS.dir/__/__/Middlewares/Third_Party/FreeRTOS/Source/CMSIS_RTOS_V2/cmsis_os2.c.obj
                0x080039e0                vApplicationGetIdleTaskMemory
 .text.vApplicationGetTimerTaskMemory
                0x08003a14       0x34 cmake/stm32cubemx/CMakeFiles/FreeRTOS.dir/__/__/Middlewares/Third_Party/FreeRTOS/Source/CMSIS_RTOS_V2/cmsis_os2.c.obj
                0x08003a14                vApplicationGetTimerTaskMemory
 .text.vPortFree
                0x08003a48       0xac cmake/stm32cubemx/CMakeFiles/FreeRTOS.dir/__/__/Middlewares/Third_Party/FreeRTOS/Source/portable/MemMang/heap_4.c.obj
                0x08003a48                vPortFree
 .text.prvInsertBlockIntoFreeList
                0x08003af4       0xb4 cmake/stm32cubemx/CMakeFiles/FreeRTOS.dir/__/__/Middlewares/Third_Party/FreeRTOS/Source/portable/MemMang/heap_4.c.obj
 .text.pxPortInitialiseStack
                0x08003ba8       0x68 cmake/stm32cubemx/CMakeFiles/FreeRTOS.dir/__/__/Middlewares/Third_Party/FreeRTOS/Source/portable/GCC/ARM_CM4F/port.c.obj
                0x08003ba8                pxPortInitialiseStack
 .text.prvTaskExitError
                0x08003c10       0x54 cmake/stm32cubemx/CMakeFiles/FreeRTOS.dir/__/__/Middlewares/Third_Party/FreeRTOS/Source/portable/GCC/ARM_CM4F/port.c.obj
 *fill*         0x08003c64        0xc 
 .text.SVC_Handler
                0x08003c70       0x28 cmake/stm32cubemx/CMakeFiles/FreeRTOS.dir/__/__/Middlewares/Third_Party/FreeRTOS/Source/portable/GCC/ARM_CM4F/port.c.obj
                0x08003c70                SVC_Handler
 .text.prvPortStartFirstTask
                0x08003c98       0x2c cmake/stm32cubemx/CMakeFiles/FreeRTOS.dir/__/__/Middlewares/Third_Party/FreeRTOS/Source/portable/GCC/ARM_CM4F/port.c.obj
 .text.xPortStartScheduler
                0x08003cc4      0x168 cmake/stm32cubemx/CMakeFiles/FreeRTOS.dir/__/__/Middlewares/Third_Party/FreeRTOS/Source/portable/GCC/ARM_CM4F/port.c.obj
                0x08003cc4                xPortStartScheduler
 .text.vPortEnterCritical
                0x08003e2c       0x5c cmake/stm32cubemx/CMakeFiles/FreeRTOS.dir/__/__/Middlewares/Third_Party/FreeRTOS/Source/portable/GCC/ARM_CM4F/port.c.obj
                0x08003e2c                vPortEnterCritical
 .text.vPortExitCritical
                0x08003e88       0x50 cmake/stm32cubemx/CMakeFiles/FreeRTOS.dir/__/__/Middlewares/Third_Party/FreeRTOS/Source/portable/GCC/ARM_CM4F/port.c.obj
                0x08003e88                vPortExitCritical
 *fill*         0x08003ed8        0x8 
 .text.PendSV_Handler
                0x08003ee0       0x68 cmake/stm32cubemx/CMakeFiles/FreeRTOS.dir/__/__/Middlewares/Third_Party/FreeRTOS/Source/portable/GCC/ARM_CM4F/port.c.obj
                0x08003ee0                PendSV_Handler
 .text.xPortSysTickHandler
                0x08003f48       0x44 cmake/stm32cubemx/CMakeFiles/FreeRTOS.dir/__/__/Middlewares/Third_Party/FreeRTOS/Source/portable/GCC/ARM_CM4F/port.c.obj
                0x08003f48                xPortSysTickHandler
 .text.vPortSetupTimerInterrupt
                0x08003f8c       0x48 cmake/stm32cubemx/CMakeFiles/FreeRTOS.dir/__/__/Middlewares/Third_Party/FreeRTOS/Source/portable/GCC/ARM_CM4F/port.c.obj
                0x08003f8c                vPortSetupTimerInterrupt
 .text.vPortEnableVFP
                0x08003fd4       0x18 cmake/stm32cubemx/CMakeFiles/FreeRTOS.dir/__/__/Middlewares/Third_Party/FreeRTOS/Source/portable/GCC/ARM_CM4F/port.c.obj
 .text.main     0x08003fec       0x20 CMakeFiles/H750VB.dir/Core/Src/main.c.obj
                0x08003fec                main
 .text.SystemClock_Config
                0x0800400c       0xd4 CMakeFiles/H750VB.dir/Core/Src/main.c.obj
                0x0800400c                SystemClock_Config
 .text.MX_GPIO_Init
                0x080040e0       0xd0 CMakeFiles/H750VB.dir/Core/Src/main.c.obj
 .text.MPU_Config
                0x080041b0       0x58 CMakeFiles/H750VB.dir/Core/Src/main.c.obj
 .text.Error_Handler
                0x08004208        0xc CMakeFiles/H750VB.dir/Core/Src/main.c.obj
                0x08004208                Error_Handler
 .text.debug_break_if_attached
                0x08004214       0x20 CMakeFiles/H750VB.dir/Core/Src/debug_tools.c.obj
 .text.debug_tools_init
                0x08004234       0x34 CMakeFiles/H750VB.dir/Core/Src/debug_tools.c.obj
                0x08004234                debug_tools_init
 .text.debug_panic
                0x08004268       0x40 CMakeFiles/H750VB.dir/Core/Src/debug_tools.c.obj
                0x08004268                debug_panic
 .text.pre_config_rtos
                0x080042a8       0x10 CMakeFiles/H750VB.dir/Core/Src/freertos.c.obj
 .text.scheduler_rtos_start
                0x080042b8        0xc CMakeFiles/H750VB.dir/Core/Src/freertos.c.obj
 .text.os_main  0x080042c4       0x10 CMakeFiles/H750VB.dir/Core/Src/freertos.c.obj
                0x080042c4                os_main
 .text.vApplicationStackOverflowHook
                0x080042d4       0x28 CMakeFiles/H750VB.dir/Core/Src/freertos.c.obj
                0x080042d4                vApplicationStackOverflowHook
 .text.os_task_init_all
                0x080042fc       0x68 CMakeFiles/H750VB.dir/os/Task/os_task.c.obj
                0x080042fc                os_task_init_all
 .text.ethernet_task
                0x08004364       0x20 CMakeFiles/H750VB.dir/Services/network/ethernet.c.obj
 .text.logger_task
                0x08004384        0xc CMakeFiles/H750VB.dir/Services/logger/logger.c.obj
 .text.NMI_Handler
                0x08004390        0x8 CMakeFiles/H750VB.dir/Core/Src/stm32h7xx_it.c.obj
                0x08004390                NMI_Handler
 .text.HardFault_Handler
                0x08004398        0x8 CMakeFiles/H750VB.dir/Core/Src/stm32h7xx_it.c.obj
                0x08004398                HardFault_Handler
 .text.MemManage_Handler
                0x080043a0        0x8 CMakeFiles/H750VB.dir/Core/Src/stm32h7xx_it.c.obj
                0x080043a0                MemManage_Handler
 .text.BusFault_Handler
                0x080043a8        0x8 CMakeFiles/H750VB.dir/Core/Src/stm32h7xx_it.c.obj
                0x080043a8                BusFault_Handler
 .text.UsageFault_Handler
                0x080043b0        0x8 CMakeFiles/H750VB.dir/Core/Src/stm32h7xx_it.c.obj
                0x080043b0                UsageFault_Handler
 .text.DebugMon_Handler
                0x080043b8        0xe CMakeFiles/H750VB.dir/Core/Src/stm32h7xx_it.c.obj
                0x080043b8                DebugMon_Handler
 .text.SysTick_Handler
                0x080043c6       0x1a CMakeFiles/H750VB.dir/Core/Src/stm32h7xx_it.c.obj
                0x080043c6                SysTick_Handler
 .text.HAL_MspInit
                0x080043e0       0x3c CMakeFiles/H750VB.dir/Core/Src/stm32h7xx_hal_msp.c.obj
                0x080043e0                HAL_MspInit
 .text.Reset_Handler
                0x0800441c       0x54 CMakeFiles/H750VB.dir/startup_stm32h750xx.s.obj
                0x0800441c                Reset_Handler
 .text.Default_Handler
                0x08004470        0x2 CMakeFiles/H750VB.dir/startup_stm32h750xx.s.obj
                0x08004470                DMA1_Stream3_IRQHandler
                0x08004470                HASH_RNG_IRQHandler
                0x08004470                EXTI2_IRQHandler
                0x08004470                TIM8_CC_IRQHandler
                0x08004470                HRTIM1_Master_IRQHandler
                0x08004470                UART8_IRQHandler
                0x08004470                SPI4_IRQHandler
                0x08004470                TIM1_CC_IRQHandler
                0x08004470                BDMA_Channel6_IRQHandler
                0x08004470                DMA2_Stream5_IRQHandler
                0x08004470                HRTIM1_FLT_IRQHandler
                0x08004470                JPEG_IRQHandler
                0x08004470                DMA1_Stream5_IRQHandler
                0x08004470                BDMA_Channel1_IRQHandler
                0x08004470                HRTIM1_TIMD_IRQHandler
                0x08004470                TAMP_STAMP_IRQHandler
                0x08004470                EXTI3_IRQHandler
                0x08004470                LPTIM4_IRQHandler
                0x08004470                TIM8_TRG_COM_TIM14_IRQHandler
                0x08004470                LPTIM2_IRQHandler
                0x08004470                DFSDM1_FLT1_IRQHandler
                0x08004470                DMAMUX2_OVR_IRQHandler
                0x08004470                TIM8_UP_TIM13_IRQHandler
                0x08004470                I2C3_ER_IRQHandler
                0x08004470                DFSDM1_FLT2_IRQHandler
                0x08004470                MDMA_IRQHandler
                0x08004470                LPTIM3_IRQHandler
                0x08004470                HSEM1_IRQHandler
                0x08004470                EXTI0_IRQHandler
                0x08004470                I2C2_EV_IRQHandler
                0x08004470                DMA1_Stream2_IRQHandler
                0x08004470                FPU_IRQHandler
                0x08004470                OTG_HS_WKUP_IRQHandler
                0x08004470                FDCAN1_IT1_IRQHandler
                0x08004470                LTDC_ER_IRQHandler
                0x08004470                DMA2_Stream2_IRQHandler
                0x08004470                HRTIM1_TIME_IRQHandler
                0x08004470                SPI1_IRQHandler
                0x08004470                TIM6_DAC_IRQHandler
                0x08004470                DCMI_IRQHandler
                0x08004470                HRTIM1_TIMC_IRQHandler
                0x08004470                DMA2_Stream3_IRQHandler
                0x08004470                SAI2_IRQHandler
                0x08004470                DFSDM1_FLT3_IRQHandler
                0x08004470                USART6_IRQHandler
                0x08004470                TIM17_IRQHandler
                0x08004470                USART3_IRQHandler
                0x08004470                BDMA_Channel7_IRQHandler
                0x08004470                CRYP_IRQHandler
                0x08004470                LPTIM5_IRQHandler
                0x08004470                UART5_IRQHandler
                0x08004470                ADC3_IRQHandler
                0x08004470                DMA2_Stream0_IRQHandler
                0x08004470                TIM4_IRQHandler
                0x08004470                BDMA_Channel2_IRQHandler
                0x08004470                QUADSPI_IRQHandler
                0x08004470                I2C1_EV_IRQHandler
                0x08004470                DMA1_Stream6_IRQHandler
                0x08004470                DMAMUX1_OVR_IRQHandler
                0x08004470                DMA1_Stream1_IRQHandler
                0x08004470                TIM16_IRQHandler
                0x08004470                UART4_IRQHandler
                0x08004470                BDMA_Channel5_IRQHandler
                0x08004470                TIM3_IRQHandler
                0x08004470                RCC_IRQHandler
                0x08004470                TIM8_BRK_TIM12_IRQHandler
                0x08004470                TIM1_TRG_COM_IRQHandler
                0x08004470                Default_Handler
                0x08004470                ECC_IRQHandler
                0x08004470                CEC_IRQHandler
                0x08004470                EXTI15_10_IRQHandler
                0x08004470                BDMA_Channel0_IRQHandler
                0x08004470                ADC_IRQHandler
                0x08004470                DMA1_Stream7_IRQHandler
                0x08004470                HRTIM1_TIMA_IRQHandler
                0x08004470                SPI5_IRQHandler
                0x08004470                TIM7_IRQHandler
                0x08004470                SDMMC1_IRQHandler
                0x08004470                TIM5_IRQHandler
                0x08004470                DMA2_Stream7_IRQHandler
                0x08004470                TIM15_IRQHandler
                0x08004470                PVD_AVD_IRQHandler
                0x08004470                I2C3_EV_IRQHandler
                0x08004470                EXTI9_5_IRQHandler
                0x08004470                RTC_WKUP_IRQHandler
                0x08004470                LTDC_IRQHandler
                0x08004470                SAI3_IRQHandler
                0x08004470                ETH_WKUP_IRQHandler
                0x08004470                SPDIF_RX_IRQHandler
                0x08004470                SPI2_IRQHandler
                0x08004470                OTG_HS_EP1_IN_IRQHandler
                0x08004470                DMA1_Stream0_IRQHandler
                0x08004470                CRS_IRQHandler
                0x08004470                EXTI4_IRQHandler
                0x08004470                HRTIM1_TIMB_IRQHandler
                0x08004470                FDCAN2_IT1_IRQHandler
                0x08004470                ETH_IRQHandler
                0x08004470                TIM1_UP_IRQHandler
                0x08004470                BDMA_Channel4_IRQHandler
                0x08004470                OTG_HS_EP1_OUT_IRQHandler
                0x08004470                WWDG_IRQHandler
                0x08004470                SPI6_IRQHandler
                0x08004470                MDIOS_IRQHandler
                0x08004470                I2C4_EV_IRQHandler
                0x08004470                FDCAN2_IT0_IRQHandler
                0x08004470                LPUART1_IRQHandler
                0x08004470                FDCAN1_IT0_IRQHandler
                0x08004470                TIM2_IRQHandler
                0x08004470                OTG_FS_WKUP_IRQHandler
                0x08004470                OTG_HS_IRQHandler
                0x08004470                DMA2D_IRQHandler
                0x08004470                TIM1_BRK_IRQHandler
                0x08004470                EXTI1_IRQHandler
                0x08004470                SDMMC2_IRQHandler
                0x08004470                OTG_FS_EP1_OUT_IRQHandler
                0x08004470                BDMA_Channel3_IRQHandler
                0x08004470                UART7_IRQHandler
                0x08004470                MDIOS_WKUP_IRQHandler
                0x08004470                USART2_IRQHandler
                0x08004470                DFSDM1_FLT0_IRQHandler
                0x08004470                SAI4_IRQHandler
                0x08004470                I2C2_ER_IRQHandler
                0x08004470                DMA2_Stream1_IRQHandler
                0x08004470                FLASH_IRQHandler
                0x08004470                DMA2_Stream4_IRQHandler
                0x08004470                USART1_IRQHandler
                0x08004470                OTG_FS_IRQHandler
                0x08004470                SPI3_IRQHandler
                0x08004470                WAKEUP_PIN_IRQHandler
                0x08004470                DMA1_Stream4_IRQHandler
                0x08004470                OTG_FS_EP1_IN_IRQHandler
                0x08004470                I2C1_ER_IRQHandler
                0x08004470                FMC_IRQHandler
                0x08004470                FDCAN_CAL_IRQHandler
                0x08004470                SWPMI1_IRQHandler
                0x08004470                COMP1_IRQHandler
                0x08004470                LPTIM1_IRQHandler
                0x08004470                I2C4_ER_IRQHandler
                0x08004470                DMA2_Stream6_IRQHandler
                0x08004470                SAI1_IRQHandler
                0x08004470                RTC_Alarm_IRQHandler
 .text.memset   0x08004472       0x10 /Applications/ArmGNUToolchain/14.2.rel1/arm-none-eabi/bin/../lib/gcc/arm-none-eabi/14.2.1/../../../../arm-none-eabi/lib/thumb/v7e-m+dp/hard/libg_nano.a(libc_a-memset.o)
                0x08004472                memset
 *fill*         0x08004482        0x2 
 .text.__libc_init_array
                0x08004484       0x48 /Applications/ArmGNUToolchain/14.2.rel1/arm-none-eabi/bin/../lib/gcc/arm-none-eabi/14.2.1/../../../../arm-none-eabi/lib/thumb/v7e-m+dp/hard/libg_nano.a(libc_a-init.o)
                0x08004484                __libc_init_array
 .text.memcpy   0x080044cc       0x1c /Applications/ArmGNUToolchain/14.2.rel1/arm-none-eabi/bin/../lib/gcc/arm-none-eabi/14.2.1/../../../../arm-none-eabi/lib/thumb/v7e-m+dp/hard/libg_nano.a(libc_a-memcpy-stub.o)
                0x080044cc                memcpy
 *(.glue_7)
 .glue_7        0x080044e8        0x0 linker stubs
 *(.glue_7t)
 .glue_7t       0x080044e8        0x0 linker stubs
 *(.eh_frame)
 .eh_frame      0x080044e8        0x0 /Applications/ArmGNUToolchain/14.2.rel1/arm-none-eabi/bin/../lib/gcc/arm-none-eabi/14.2.1/thumb/v7e-m+dp/hard/crtbegin.o
 *(.init)
 .init          0x080044e8        0x4 /Applications/ArmGNUToolchain/14.2.rel1/arm-none-eabi/bin/../lib/gcc/arm-none-eabi/14.2.1/thumb/v7e-m+dp/hard/crti.o
                0x080044e8                _init
 .init          0x080044ec        0x8 /Applications/ArmGNUToolchain/14.2.rel1/arm-none-eabi/bin/../lib/gcc/arm-none-eabi/14.2.1/thumb/v7e-m+dp/hard/crtn.o
 *(.fini)
 .fini          0x080044f4        0x4 /Applications/ArmGNUToolchain/14.2.rel1/arm-none-eabi/bin/../lib/gcc/arm-none-eabi/14.2.1/thumb/v7e-m+dp/hard/crti.o
                0x080044f4                _fini
 .fini          0x080044f8        0x8 /Applications/ArmGNUToolchain/14.2.rel1/arm-none-eabi/bin/../lib/gcc/arm-none-eabi/14.2.1/thumb/v7e-m+dp/hard/crtn.o
                0x08004500                        . = ALIGN (0x4)
                0x08004500                        _etext = .

.vfp11_veneer   0x08004500        0x0
 .vfp11_veneer  0x08004500        0x0 linker stubs

.v4_bx          0x08004500        0x0
 .v4_bx         0x08004500        0x0 linker stubs

.iplt           0x08004500        0x0
 .iplt          0x08004500        0x0 /Applications/ArmGNUToolchain/14.2.rel1/arm-none-eabi/bin/../lib/gcc/arm-none-eabi/14.2.1/thumb/v7e-m+dp/hard/crtbegin.o

.rodata         0x08004500      0x204
                0x08004500                        . = ALIGN (0x4)
 *(.rodata)
 .rodata        0x08004500       0x48 cmake/stm32cubemx/CMakeFiles/FreeRTOS.dir/__/__/Middlewares/Third_Party/FreeRTOS/Source/queue.c.obj
 .rodata        0x08004548       0x4d cmake/stm32cubemx/CMakeFiles/FreeRTOS.dir/__/__/Middlewares/Third_Party/FreeRTOS/Source/tasks.c.obj
 *fill*         0x08004595        0x3 
 .rodata        0x08004598       0x59 cmake/stm32cubemx/CMakeFiles/FreeRTOS.dir/__/__/Middlewares/Third_Party/FreeRTOS/Source/timers.c.obj
 *fill*         0x080045f1        0x3 
 .rodata        0x080045f4       0x5a cmake/stm32cubemx/CMakeFiles/FreeRTOS.dir/__/__/Middlewares/Third_Party/FreeRTOS/Source/portable/MemMang/heap_4.c.obj
 *fill*         0x0800464e        0x2 
 .rodata        0x08004650       0x5d cmake/stm32cubemx/CMakeFiles/FreeRTOS.dir/__/__/Middlewares/Third_Party/FreeRTOS/Source/portable/GCC/ARM_CM4F/port.c.obj
 *fill*         0x080046ad        0x3 
 .rodata        0x080046b0        0x7 CMakeFiles/H750VB.dir/Services/logger/logger.c.obj
 *(.rodata*)
 *fill*         0x080046b7        0x1 
 .rodata.D1CorePrescTable
                0x080046b8       0x10 cmake/stm32cubemx/CMakeFiles/STM32_Drivers.dir/__/__/Core/Src/system_stm32h7xx.c.obj
                0x080046b8                D1CorePrescTable
 .rodata.uxTopUsedPriority
                0x080046c8        0x4 cmake/stm32cubemx/CMakeFiles/FreeRTOS.dir/__/__/Middlewares/Third_Party/FreeRTOS/Source/tasks.c.obj
                0x080046c8                uxTopUsedPriority
 .rodata.vApplicationMallocFailedHook.str1.4
                0x080046cc       0x35 CMakeFiles/H750VB.dir/Core/Src/freertos.c.obj
                                 0x2c (size before relaxing)
 .rodata.str1.4
                0x08004701        0x9 CMakeFiles/H750VB.dir/Services/network/ethernet.c.obj
                0x0800470c                        . = ALIGN (0x4)
 *fill*         0x08004701        0x3 

.os.task.desc   0x08004704       0x50
                0x08004704                        . = ALIGN (0x4)
                0x08004704                        __os_task_desc_start = .
 *(.os.task.desc)
 .os.task.desc  0x08004704       0x28 CMakeFiles/H750VB.dir/Services/network/ethernet.c.obj
                0x08004704                ethernet_descriptor
 .os.task.desc  0x0800472c       0x28 CMakeFiles/H750VB.dir/Services/logger/logger.c.obj
                0x0800472c                logger_descriptor
                0x08004754                        __os_task_desc_end = .
                0x08004754                        . = ALIGN (0x4)

.ARM.extab      0x08004754        0x0
                0x08004754                        . = ALIGN (0x4)
 *(.ARM.extab* .gnu.linkonce.armextab.*)
                0x08004754                        . = ALIGN (0x4)

.ARM            0x08004754        0x0
                0x08004754                        . = ALIGN (0x4)
                0x08004754                        __exidx_start = .
 *(.ARM.exidx*)
                0x08004754                        __exidx_end = .
                0x08004754                        . = ALIGN (0x4)

.preinit_array  0x08004754        0x0
                0x08004754                        . = ALIGN (0x4)
                0x08004754                        PROVIDE (__preinit_array_start = .)
 *(.preinit_array*)
                0x08004754                        PROVIDE (__preinit_array_end = .)
                0x08004754                        . = ALIGN (0x4)

.init_array     0x08004754        0x4
                0x08004754                        . = ALIGN (0x4)
                0x08004754                        PROVIDE (__init_array_start = .)
 *(SORT_BY_NAME(.init_array.*))
 *(.init_array*)
 .init_array    0x08004754        0x4 /Applications/ArmGNUToolchain/14.2.rel1/arm-none-eabi/bin/../lib/gcc/arm-none-eabi/14.2.1/thumb/v7e-m+dp/hard/crtbegin.o
                0x08004758                        PROVIDE (__init_array_end = .)
                0x08004758                        . = ALIGN (0x4)

.fini_array     0x08004758        0x4
                0x08004758                        . = ALIGN (0x4)
                [!provide]                        PROVIDE (__fini_array_start = .)
 *(SORT_BY_NAME(.fini_array.*))
 *(.fini_array*)
 .fini_array    0x08004758        0x4 /Applications/ArmGNUToolchain/14.2.rel1/arm-none-eabi/bin/../lib/gcc/arm-none-eabi/14.2.1/thumb/v7e-m+dp/hard/crtbegin.o
                [!provide]                        PROVIDE (__fini_array_end = .)
                0x0800475c                        . = ALIGN (0x4)
                0x0800475c                        _sidata = LOADADDR (.data)

.rel.dyn        0x0800475c        0x0
 .rel.iplt      0x0800475c        0x0 /Applications/ArmGNUToolchain/14.2.rel1/arm-none-eabi/bin/../lib/gcc/arm-none-eabi/14.2.1/thumb/v7e-m+dp/hard/crtbegin.o

.data           0x20000000       0x14 load address 0x0800475c
                0x20000000                        . = ALIGN (0x4)
                0x20000000                        _sdata = .
 *(.data)
 *(.data*)
 .data.SystemCoreClock
                0x20000000        0x4 cmake/stm32cubemx/CMakeFiles/STM32_Drivers.dir/__/__/Core/Src/system_stm32h7xx.c.obj
                0x20000000                SystemCoreClock
 .data.SystemD2Clock
                0x20000004        0x4 cmake/stm32cubemx/CMakeFiles/STM32_Drivers.dir/__/__/Core/Src/system_stm32h7xx.c.obj
                0x20000004                SystemD2Clock
 .data.uwTickPrio
                0x20000008        0x4 cmake/stm32cubemx/CMakeFiles/STM32_Drivers.dir/__/__/Drivers/STM32H7xx_HAL_Driver/Src/stm32h7xx_hal.c.obj
                0x20000008                uwTickPrio
 .data.uwTickFreq
                0x2000000c        0x1 cmake/stm32cubemx/CMakeFiles/STM32_Drivers.dir/__/__/Drivers/STM32H7xx_HAL_Driver/Src/stm32h7xx_hal.c.obj
                0x2000000c                uwTickFreq
 *fill*         0x2000000d        0x3 
 .data.uxCriticalNesting
                0x20000010        0x4 cmake/stm32cubemx/CMakeFiles/FreeRTOS.dir/__/__/Middlewares/Third_Party/FreeRTOS/Source/portable/GCC/ARM_CM4F/port.c.obj
 *(.RamFunc)
 *(.RamFunc*)
                0x20000014                        . = ALIGN (0x4)

.tm_clone_table
                0x20000014        0x0 load address 0x08004770
 .tm_clone_table
                0x20000014        0x0 /Applications/ArmGNUToolchain/14.2.rel1/arm-none-eabi/bin/../lib/gcc/arm-none-eabi/14.2.1/thumb/v7e-m+dp/hard/crtbegin.o
 .tm_clone_table
                0x20000014        0x0 /Applications/ArmGNUToolchain/14.2.rel1/arm-none-eabi/bin/../lib/gcc/arm-none-eabi/14.2.1/thumb/v7e-m+dp/hard/crtend.o

.igot.plt       0x20000014        0x0 load address 0x08004770
 .igot.plt      0x20000014        0x0 /Applications/ArmGNUToolchain/14.2.rel1/arm-none-eabi/bin/../lib/gcc/arm-none-eabi/14.2.1/thumb/v7e-m+dp/hard/crtbegin.o

.tdata          0x20000014        0x0 load address 0x08004770
 *(.tdata .tdata.* .gnu.linkonce.td.*)
                0x20000014                        . = ALIGN (0x4)
                0x20000014                        _edata = .
                [!provide]                        PROVIDE (__data_end = .)
                [!provide]                        PROVIDE (__tdata_end = .)
                [!provide]                        PROVIDE (__tdata_start = ADDR (.tdata))
                [!provide]                        PROVIDE (__tdata_size = (__tdata_end - __tdata_start))
                [!provide]                        PROVIDE (__data_start = ADDR (.data))
                [!provide]                        PROVIDE (__data_size = (__data_end - __data_start))
                [!provide]                        PROVIDE (__tdata_source = LOADADDR (.tdata))
                [!provide]                        PROVIDE (__tdata_source_end = (LOADADDR (.tdata) + SIZEOF (.tdata)))
                [!provide]                        PROVIDE (__tdata_source_size = (__tdata_source_end - __tdata_source))
                [!provide]                        PROVIDE (__data_source = LOADADDR (.data))
                [!provide]                        PROVIDE (__data_source_end = __tdata_source_end)
                [!provide]                        PROVIDE (__data_source_size = (__data_source_end - __data_source))

.tbss           0x20000014        0x0 load address 0x08004770
                0x20000014                        _sbss = .
                0x20000014                        __bss_start__ = _sbss
 *(.tbss .tbss.*)
                0x20000014                        . = ALIGN (0x4)
                [!provide]                        PROVIDE (__tbss_end = .)
                [!provide]                        PROVIDE (__tbss_start = ADDR (.tbss))
                [!provide]                        PROVIDE (__tbss_size = (__tbss_end - __tbss_start))
                [!provide]                        PROVIDE (__tbss_offset = (ADDR (.tbss) - ADDR (.tdata)))
                [!provide]                        PROVIDE (__tls_base = __tdata_start)
                [!provide]                        PROVIDE (__tls_end = __tbss_end)
                [!provide]                        PROVIDE (__tls_size = (__tls_end - __tls_base))
                [!provide]                        PROVIDE (__tls_align = MAX (ALIGNOF (.tdata), ALIGNOF (.tbss)))
                [!provide]                        PROVIDE (__tls_size_align = (((__tls_size + __tls_align) - 0x1) & ~ ((__tls_align - 0x1))))
                [!provide]                        PROVIDE (__arm32_tls_tcb_offset = MAX (0x8, __tls_align))
                [!provide]                        PROVIDE (__arm64_tls_tcb_offset = MAX (0x10, __tls_align))

.bss            0x20000014     0x2e38 load address 0x08004770
 *(.bss)
 *(.bss*)
 .bss.completed.1
                0x20000014        0x1 /Applications/ArmGNUToolchain/14.2.rel1/arm-none-eabi/bin/../lib/gcc/arm-none-eabi/14.2.1/thumb/v7e-m+dp/hard/crtbegin.o
 *fill*         0x20000015        0x3 
 .bss.object.0  0x20000018       0x18 /Applications/ArmGNUToolchain/14.2.rel1/arm-none-eabi/bin/../lib/gcc/arm-none-eabi/14.2.1/thumb/v7e-m+dp/hard/crtbegin.o
 .bss.uwTick    0x20000030        0x4 cmake/stm32cubemx/CMakeFiles/STM32_Drivers.dir/__/__/Drivers/STM32H7xx_HAL_Driver/Src/stm32h7xx_hal.c.obj
                0x20000030                uwTick
 .bss.xQueueRegistry
                0x20000034       0x40 cmake/stm32cubemx/CMakeFiles/FreeRTOS.dir/__/__/Middlewares/Third_Party/FreeRTOS/Source/queue.c.obj
                0x20000034                xQueueRegistry
 .bss.pxCurrentTCB
                0x20000074        0x4 cmake/stm32cubemx/CMakeFiles/FreeRTOS.dir/__/__/Middlewares/Third_Party/FreeRTOS/Source/tasks.c.obj
                0x20000074                pxCurrentTCB
 .bss.pxReadyTasksLists
                0x20000078      0x460 cmake/stm32cubemx/CMakeFiles/FreeRTOS.dir/__/__/Middlewares/Third_Party/FreeRTOS/Source/tasks.c.obj
 .bss.xDelayedTaskList1
                0x200004d8       0x14 cmake/stm32cubemx/CMakeFiles/FreeRTOS.dir/__/__/Middlewares/Third_Party/FreeRTOS/Source/tasks.c.obj
 .bss.xDelayedTaskList2
                0x200004ec       0x14 cmake/stm32cubemx/CMakeFiles/FreeRTOS.dir/__/__/Middlewares/Third_Party/FreeRTOS/Source/tasks.c.obj
 .bss.pxDelayedTaskList
                0x20000500        0x4 cmake/stm32cubemx/CMakeFiles/FreeRTOS.dir/__/__/Middlewares/Third_Party/FreeRTOS/Source/tasks.c.obj
 .bss.pxOverflowDelayedTaskList
                0x20000504        0x4 cmake/stm32cubemx/CMakeFiles/FreeRTOS.dir/__/__/Middlewares/Third_Party/FreeRTOS/Source/tasks.c.obj
 .bss.xPendingReadyList
                0x20000508       0x14 cmake/stm32cubemx/CMakeFiles/FreeRTOS.dir/__/__/Middlewares/Third_Party/FreeRTOS/Source/tasks.c.obj
 .bss.xTasksWaitingTermination
                0x2000051c       0x14 cmake/stm32cubemx/CMakeFiles/FreeRTOS.dir/__/__/Middlewares/Third_Party/FreeRTOS/Source/tasks.c.obj
 .bss.uxDeletedTasksWaitingCleanUp
                0x20000530        0x4 cmake/stm32cubemx/CMakeFiles/FreeRTOS.dir/__/__/Middlewares/Third_Party/FreeRTOS/Source/tasks.c.obj
 .bss.xSuspendedTaskList
                0x20000534       0x14 cmake/stm32cubemx/CMakeFiles/FreeRTOS.dir/__/__/Middlewares/Third_Party/FreeRTOS/Source/tasks.c.obj
 .bss.uxCurrentNumberOfTasks
                0x20000548        0x4 cmake/stm32cubemx/CMakeFiles/FreeRTOS.dir/__/__/Middlewares/Third_Party/FreeRTOS/Source/tasks.c.obj
 .bss.xTickCount
                0x2000054c        0x4 cmake/stm32cubemx/CMakeFiles/FreeRTOS.dir/__/__/Middlewares/Third_Party/FreeRTOS/Source/tasks.c.obj
 .bss.uxTopReadyPriority
                0x20000550        0x4 cmake/stm32cubemx/CMakeFiles/FreeRTOS.dir/__/__/Middlewares/Third_Party/FreeRTOS/Source/tasks.c.obj
 .bss.xSchedulerRunning
                0x20000554        0x4 cmake/stm32cubemx/CMakeFiles/FreeRTOS.dir/__/__/Middlewares/Third_Party/FreeRTOS/Source/tasks.c.obj
 .bss.xPendedTicks
                0x20000558        0x4 cmake/stm32cubemx/CMakeFiles/FreeRTOS.dir/__/__/Middlewares/Third_Party/FreeRTOS/Source/tasks.c.obj
 .bss.xYieldPending
                0x2000055c        0x4 cmake/stm32cubemx/CMakeFiles/FreeRTOS.dir/__/__/Middlewares/Third_Party/FreeRTOS/Source/tasks.c.obj
 .bss.xNumOfOverflows
                0x20000560        0x4 cmake/stm32cubemx/CMakeFiles/FreeRTOS.dir/__/__/Middlewares/Third_Party/FreeRTOS/Source/tasks.c.obj
 .bss.uxTaskNumber
                0x20000564        0x4 cmake/stm32cubemx/CMakeFiles/FreeRTOS.dir/__/__/Middlewares/Third_Party/FreeRTOS/Source/tasks.c.obj
 .bss.xNextTaskUnblockTime
                0x20000568        0x4 cmake/stm32cubemx/CMakeFiles/FreeRTOS.dir/__/__/Middlewares/Third_Party/FreeRTOS/Source/tasks.c.obj
 .bss.xIdleTaskHandle
                0x2000056c        0x4 cmake/stm32cubemx/CMakeFiles/FreeRTOS.dir/__/__/Middlewares/Third_Party/FreeRTOS/Source/tasks.c.obj
 .bss.uxSchedulerSuspended
                0x20000570        0x4 cmake/stm32cubemx/CMakeFiles/FreeRTOS.dir/__/__/Middlewares/Third_Party/FreeRTOS/Source/tasks.c.obj
 .bss.xActiveTimerList1
                0x20000574       0x14 cmake/stm32cubemx/CMakeFiles/FreeRTOS.dir/__/__/Middlewares/Third_Party/FreeRTOS/Source/timers.c.obj
 .bss.xActiveTimerList2
                0x20000588       0x14 cmake/stm32cubemx/CMakeFiles/FreeRTOS.dir/__/__/Middlewares/Third_Party/FreeRTOS/Source/timers.c.obj
 .bss.pxCurrentTimerList
                0x2000059c        0x4 cmake/stm32cubemx/CMakeFiles/FreeRTOS.dir/__/__/Middlewares/Third_Party/FreeRTOS/Source/timers.c.obj
 .bss.pxOverflowTimerList
                0x200005a0        0x4 cmake/stm32cubemx/CMakeFiles/FreeRTOS.dir/__/__/Middlewares/Third_Party/FreeRTOS/Source/timers.c.obj
 .bss.xTimerQueue
                0x200005a4        0x4 cmake/stm32cubemx/CMakeFiles/FreeRTOS.dir/__/__/Middlewares/Third_Party/FreeRTOS/Source/timers.c.obj
 .bss.xTimerTaskHandle
                0x200005a8        0x4 cmake/stm32cubemx/CMakeFiles/FreeRTOS.dir/__/__/Middlewares/Third_Party/FreeRTOS/Source/timers.c.obj
 .bss.xLastTime.2
                0x200005ac        0x4 cmake/stm32cubemx/CMakeFiles/FreeRTOS.dir/__/__/Middlewares/Third_Party/FreeRTOS/Source/timers.c.obj
 .bss.ucStaticTimerQueueStorage.1
                0x200005b0       0xa0 cmake/stm32cubemx/CMakeFiles/FreeRTOS.dir/__/__/Middlewares/Third_Party/FreeRTOS/Source/timers.c.obj
 .bss.xStaticTimerQueue.0
                0x20000650       0x50 cmake/stm32cubemx/CMakeFiles/FreeRTOS.dir/__/__/Middlewares/Third_Party/FreeRTOS/Source/timers.c.obj
 .bss.KernelState
                0x200006a0        0x4 cmake/stm32cubemx/CMakeFiles/FreeRTOS.dir/__/__/Middlewares/Third_Party/FreeRTOS/Source/CMSIS_RTOS_V2/cmsis_os2.c.obj
 .bss.Idle_TCB.3
                0x200006a4       0x5c cmake/stm32cubemx/CMakeFiles/FreeRTOS.dir/__/__/Middlewares/Third_Party/FreeRTOS/Source/CMSIS_RTOS_V2/cmsis_os2.c.obj
 .bss.Idle_Stack.2
                0x20000700      0x200 cmake/stm32cubemx/CMakeFiles/FreeRTOS.dir/__/__/Middlewares/Third_Party/FreeRTOS/Source/CMSIS_RTOS_V2/cmsis_os2.c.obj
 .bss.Timer_TCB.1
                0x20000900       0x5c cmake/stm32cubemx/CMakeFiles/FreeRTOS.dir/__/__/Middlewares/Third_Party/FreeRTOS/Source/CMSIS_RTOS_V2/cmsis_os2.c.obj
 .bss.Timer_Stack.0
                0x2000095c      0x400 cmake/stm32cubemx/CMakeFiles/FreeRTOS.dir/__/__/Middlewares/Third_Party/FreeRTOS/Source/CMSIS_RTOS_V2/cmsis_os2.c.obj
 .bss.xStart    0x20000d5c        0x8 cmake/stm32cubemx/CMakeFiles/FreeRTOS.dir/__/__/Middlewares/Third_Party/FreeRTOS/Source/portable/MemMang/heap_4.c.obj
 .bss.pxEnd     0x20000d64        0x4 cmake/stm32cubemx/CMakeFiles/FreeRTOS.dir/__/__/Middlewares/Third_Party/FreeRTOS/Source/portable/MemMang/heap_4.c.obj
 .bss.xFreeBytesRemaining
                0x20000d68        0x4 cmake/stm32cubemx/CMakeFiles/FreeRTOS.dir/__/__/Middlewares/Third_Party/FreeRTOS/Source/portable/MemMang/heap_4.c.obj
 .bss.xNumberOfSuccessfulFrees
                0x20000d6c        0x4 cmake/stm32cubemx/CMakeFiles/FreeRTOS.dir/__/__/Middlewares/Third_Party/FreeRTOS/Source/portable/MemMang/heap_4.c.obj
 .bss.ucMaxSysCallPriority
                0x20000d70        0x1 cmake/stm32cubemx/CMakeFiles/FreeRTOS.dir/__/__/Middlewares/Third_Party/FreeRTOS/Source/portable/GCC/ARM_CM4F/port.c.obj
 *fill*         0x20000d71        0x3 
 .bss.ulMaxPRIGROUPValue
                0x20000d74        0x4 cmake/stm32cubemx/CMakeFiles/FreeRTOS.dir/__/__/Middlewares/Third_Party/FreeRTOS/Source/portable/GCC/ARM_CM4F/port.c.obj
 .bss.g_debug_panic_record
                0x20000d78       0x14 CMakeFiles/H750VB.dir/Core/Src/debug_tools.c.obj
                0x20000d78                g_debug_panic_record
 .bss.ethernet_stack
                0x20000d8c     0x1000 CMakeFiles/H750VB.dir/Services/network/ethernet.c.obj
 .bss.ethernet_tcb
                0x20001d8c       0x5c CMakeFiles/H750VB.dir/Services/network/ethernet.c.obj
 .bss.ethernet_handle
                0x20001de8        0x4 CMakeFiles/H750VB.dir/Services/network/ethernet.c.obj
 .bss.logger_stack
                0x20001dec     0x1000 CMakeFiles/H750VB.dir/Services/logger/logger.c.obj
 .bss.logger_tcb
                0x20002dec       0x5c CMakeFiles/H750VB.dir/Services/logger/logger.c.obj
 .bss.logger_handle
                0x20002e48        0x4 CMakeFiles/H750VB.dir/Services/logger/logger.c.obj
 *(COMMON)
                0x20002e4c                        . = ALIGN (0x4)
                0x20002e4c                        _ebss = .
                0x20002e4c                        __bss_end__ = _ebss
                [!provide]                        PROVIDE (__bss_end = .)
                [!provide]                        PROVIDE (__non_tls_bss_start = ADDR (.bss))
                [!provide]                        PROVIDE (__bss_start = __tbss_start)
                [!provide]                        PROVIDE (__bss_size = (__bss_end - __bss_start))

._user_heap_stack
                0x20002e4c      0x604 load address 0x08004770
                0x20002e50                        . = ALIGN (0x8)
 *fill*         0x20002e4c        0x4 
                [!provide]                        PROVIDE (end = .)
                0x20002e50                        PROVIDE (_end = .)
                0x20003050                        . = (. + _Min_Heap_Size)
 *fill*         0x20002e50      0x200 
                0x20003450                        . = (. + _Min_Stack_Size)
 *fill*         0x20003050      0x400 
                0x20003450                        . = ALIGN (0x8)

/DISCARD/
 libc.a:*(*)
 libm.a:*(*)
 libgcc.a:*(*)
OUTPUT(H750VB.elf elf32-littlearm)
LOAD linker stubs

.ARM.attributes
                0x00000000       0x2e
 .ARM.attributes
                0x00000000       0x20 /Applications/ArmGNUToolchain/14.2.rel1/arm-none-eabi/bin/../lib/gcc/arm-none-eabi/14.2.1/thumb/v7e-m+dp/hard/crti.o
 .ARM.attributes
                0x00000020       0x32 /Applications/ArmGNUToolchain/14.2.rel1/arm-none-eabi/bin/../lib/gcc/arm-none-eabi/14.2.1/thumb/v7e-m+dp/hard/crtbegin.o
 .ARM.attributes
                0x00000052       0x32 cmake/stm32cubemx/CMakeFiles/STM32_Drivers.dir/__/__/Core/Src/system_stm32h7xx.c.obj
 .ARM.attributes
                0x00000084       0x32 cmake/stm32cubemx/CMakeFiles/STM32_Drivers.dir/__/__/Drivers/STM32H7xx_HAL_Driver/Src/stm32h7xx_hal_cortex.c.obj
 .ARM.attributes
                0x000000b6       0x32 cmake/stm32cubemx/CMakeFiles/STM32_Drivers.dir/__/__/Drivers/STM32H7xx_HAL_Driver/Src/stm32h7xx_hal_rcc.c.obj
 .ARM.attributes
                0x000000e8       0x32 cmake/stm32cubemx/CMakeFiles/STM32_Drivers.dir/__/__/Drivers/STM32H7xx_HAL_Driver/Src/stm32h7xx_hal_gpio.c.obj
 .ARM.attributes
                0x0000011a       0x32 cmake/stm32cubemx/CMakeFiles/STM32_Drivers.dir/__/__/Drivers/STM32H7xx_HAL_Driver/Src/stm32h7xx_hal_pwr_ex.c.obj
 .ARM.attributes
                0x0000014c       0x32 cmake/stm32cubemx/CMakeFiles/STM32_Drivers.dir/__/__/Drivers/STM32H7xx_HAL_Driver/Src/stm32h7xx_hal.c.obj
 .ARM.attributes
                0x0000017e       0x32 cmake/stm32cubemx/CMakeFiles/FreeRTOS.dir/__/__/Middlewares/Third_Party/FreeRTOS/Source/list.c.obj
 .ARM.attributes
                0x000001b0       0x32 cmake/stm32cubemx/CMakeFiles/FreeRTOS.dir/__/__/Middlewares/Third_Party/FreeRTOS/Source/queue.c.obj
 .ARM.attributes
                0x000001e2       0x32 cmake/stm32cubemx/CMakeFiles/FreeRTOS.dir/__/__/Middlewares/Third_Party/FreeRTOS/Source/tasks.c.obj
 .ARM.attributes
                0x00000214       0x32 cmake/stm32cubemx/CMakeFiles/FreeRTOS.dir/__/__/Middlewares/Third_Party/FreeRTOS/Source/timers.c.obj
 .ARM.attributes
                0x00000246       0x32 cmake/stm32cubemx/CMakeFiles/FreeRTOS.dir/__/__/Middlewares/Third_Party/FreeRTOS/Source/CMSIS_RTOS_V2/cmsis_os2.c.obj
 .ARM.attributes
                0x00000278       0x32 cmake/stm32cubemx/CMakeFiles/FreeRTOS.dir/__/__/Middlewares/Third_Party/FreeRTOS/Source/portable/MemMang/heap_4.c.obj
 .ARM.attributes
                0x000002aa       0x32 cmake/stm32cubemx/CMakeFiles/FreeRTOS.dir/__/__/Middlewares/Third_Party/FreeRTOS/Source/portable/GCC/ARM_CM4F/port.c.obj
 .ARM.attributes
                0x000002dc       0x32 CMakeFiles/H750VB.dir/Core/Src/main.c.obj
 .ARM.attributes
                0x0000030e       0x32 CMakeFiles/H750VB.dir/Core/Src/debug_tools.c.obj
 .ARM.attributes
                0x00000340       0x32 CMakeFiles/H750VB.dir/Core/Src/freertos.c.obj
 .ARM.attributes
                0x00000372       0x32 CMakeFiles/H750VB.dir/os/Task/os_task.c.obj
 .ARM.attributes
                0x000003a4       0x32 CMakeFiles/H750VB.dir/Services/network/ethernet.c.obj
 .ARM.attributes
                0x000003d6       0x32 CMakeFiles/H750VB.dir/Services/logger/logger.c.obj
 .ARM.attributes
                0x00000408       0x32 CMakeFiles/H750VB.dir/Core/Src/stm32h7xx_it.c.obj
 .ARM.attributes
                0x0000043a       0x32 CMakeFiles/H750VB.dir/Core/Src/stm32h7xx_hal_msp.c.obj
 .ARM.attributes
                0x0000046c       0x21 CMakeFiles/H750VB.dir/startup_stm32h750xx.s.obj
 .ARM.attributes
                0x0000048d       0x32 /Applications/ArmGNUToolchain/14.2.rel1/arm-none-eabi/bin/../lib/gcc/arm-none-eabi/14.2.1/../../../../arm-none-eabi/lib/thumb/v7e-m+dp/hard/libg_nano.a(libc_a-memset.o)
 .ARM.attributes
                0x000004bf       0x32 /Applications/ArmGNUToolchain/14.2.rel1/arm-none-eabi/bin/../lib/gcc/arm-none-eabi/14.2.1/../../../../arm-none-eabi/lib/thumb/v7e-m+dp/hard/libg_nano.a(libc_a-init.o)
 .ARM.attributes
                0x000004f1       0x32 /Applications/ArmGNUToolchain/14.2.rel1/arm-none-eabi/bin/../lib/gcc/arm-none-eabi/14.2.1/../../../../arm-none-eabi/lib/thumb/v7e-m+dp/hard/libg_nano.a(libc_a-memcpy-stub.o)
 .ARM.attributes
                0x00000523       0x32 /Applications/ArmGNUToolchain/14.2.rel1/arm-none-eabi/bin/../lib/gcc/arm-none-eabi/14.2.1/thumb/v7e-m+dp/hard/crtend.o
 .ARM.attributes
                0x00000555       0x20 /Applications/ArmGNUToolchain/14.2.rel1/arm-none-eabi/bin/../lib/gcc/arm-none-eabi/14.2.1/thumb/v7e-m+dp/hard/crtn.o

.comment        0x00000000       0x45
 .comment       0x00000000       0x45 cmake/stm32cubemx/CMakeFiles/STM32_Drivers.dir/__/__/Core/Src/system_stm32h7xx.c.obj
                                 0x46 (size before relaxing)
 .comment       0x00000045       0x46 cmake/stm32cubemx/CMakeFiles/STM32_Drivers.dir/__/__/Drivers/STM32H7xx_HAL_Driver/Src/stm32h7xx_hal_cortex.c.obj
 .comment       0x00000045       0x46 cmake/stm32cubemx/CMakeFiles/STM32_Drivers.dir/__/__/Drivers/STM32H7xx_HAL_Driver/Src/stm32h7xx_hal_rcc.c.obj
 .comment       0x00000045       0x46 cmake/stm32cubemx/CMakeFiles/STM32_Drivers.dir/__/__/Drivers/STM32H7xx_HAL_Driver/Src/stm32h7xx_hal_gpio.c.obj
 .comment       0x00000045       0x46 cmake/stm32cubemx/CMakeFiles/STM32_Drivers.dir/__/__/Drivers/STM32H7xx_HAL_Driver/Src/stm32h7xx_hal_pwr_ex.c.obj
 .comment       0x00000045       0x46 cmake/stm32cubemx/CMakeFiles/STM32_Drivers.dir/__/__/Drivers/STM32H7xx_HAL_Driver/Src/stm32h7xx_hal.c.obj
 .comment       0x00000045       0x46 cmake/stm32cubemx/CMakeFiles/FreeRTOS.dir/__/__/Middlewares/Third_Party/FreeRTOS/Source/list.c.obj
 .comment       0x00000045       0x46 cmake/stm32cubemx/CMakeFiles/FreeRTOS.dir/__/__/Middlewares/Third_Party/FreeRTOS/Source/queue.c.obj
 .comment       0x00000045       0x46 cmake/stm32cubemx/CMakeFiles/FreeRTOS.dir/__/__/Middlewares/Third_Party/FreeRTOS/Source/tasks.c.obj
 .comment       0x00000045       0x46 cmake/stm32cubemx/CMakeFiles/FreeRTOS.dir/__/__/Middlewares/Third_Party/FreeRTOS/Source/timers.c.obj
 .comment       0x00000045       0x46 cmake/stm32cubemx/CMakeFiles/FreeRTOS.dir/__/__/Middlewares/Third_Party/FreeRTOS/Source/CMSIS_RTOS_V2/cmsis_os2.c.obj
 .comment       0x00000045       0x46 cmake/stm32cubemx/CMakeFiles/FreeRTOS.dir/__/__/Middlewares/Third_Party/FreeRTOS/Source/portable/MemMang/heap_4.c.obj
 .comment       0x00000045       0x46 cmake/stm32cubemx/CMakeFiles/FreeRTOS.dir/__/__/Middlewares/Third_Party/FreeRTOS/Source/portable/GCC/ARM_CM4F/port.c.obj
 .comment       0x00000045       0x46 CMakeFiles/H750VB.dir/Core/Src/main.c.obj
 .comment       0x00000045       0x46 CMakeFiles/H750VB.dir/Core/Src/debug_tools.c.obj
 .comment       0x00000045       0x46 CMakeFiles/H750VB.dir/Core/Src/freertos.c.obj
 .comment       0x00000045       0x46 CMakeFiles/H750VB.dir/os/Task/os_task.c.obj
 .comment       0x00000045       0x46 CMakeFiles/H750VB.dir/Services/network/ethernet.c.obj
 .comment       0x00000045       0x46 CMakeFiles/H750VB.dir/Services/logger/logger.c.obj
 .comment       0x00000045       0x46 CMakeFiles/H750VB.dir/Core/Src/stm32h7xx_it.c.obj
 .comment       0x00000045       0x46 CMakeFiles/H750VB.dir/Core/Src/stm32h7xx_hal_msp.c.obj

.debug_info     0x00000000    0x1198f
 .debug_info    0x00000000      0xdc1 cmake/stm32cubemx/CMakeFiles/STM32_Drivers.dir/__/__/Core/Src/system_stm32h7xx.c.obj
 .debug_info    0x00000dc1     0x10c4 cmake/stm32cubemx/CMakeFiles/STM32_Drivers.dir/__/__/Drivers/STM32H7xx_HAL_Driver/Src/stm32h7xx_hal_cortex.c.obj
 .debug_info    0x00001e85      0xe74 cmake/stm32cubemx/CMakeFiles/STM32_Drivers.dir/__/__/Drivers/STM32H7xx_HAL_Driver/Src/stm32h7xx_hal_rcc.c.obj
 .debug_info    0x00002cf9      0xc5a cmake/stm32cubemx/CMakeFiles/STM32_Drivers.dir/__/__/Drivers/STM32H7xx_HAL_Driver/Src/stm32h7xx_hal_gpio.c.obj
 .debug_info    0x00003953     0x1021 cmake/stm32cubemx/CMakeFiles/STM32_Drivers.dir/__/__/Drivers/STM32H7xx_HAL_Driver/Src/stm32h7xx_hal_pwr_ex.c.obj
 .debug_info    0x00004974     0x1541 cmake/stm32cubemx/CMakeFiles/STM32_Drivers.dir/__/__/Drivers/STM32H7xx_HAL_Driver/Src/stm32h7xx_hal.c.obj
 .debug_info    0x00005eb5      0x2af cmake/stm32cubemx/CMakeFiles/FreeRTOS.dir/__/__/Middlewares/Third_Party/FreeRTOS/Source/list.c.obj
 .debug_info    0x00006164     0x1818 cmake/stm32cubemx/CMakeFiles/FreeRTOS.dir/__/__/Middlewares/Third_Party/FreeRTOS/Source/queue.c.obj
 .debug_info    0x0000797c     0x229e cmake/stm32cubemx/CMakeFiles/FreeRTOS.dir/__/__/Middlewares/Third_Party/FreeRTOS/Source/tasks.c.obj
 .debug_info    0x00009c1a     0x135d cmake/stm32cubemx/CMakeFiles/FreeRTOS.dir/__/__/Middlewares/Third_Party/FreeRTOS/Source/timers.c.obj
 .debug_info    0x0000af77     0x38f7 cmake/stm32cubemx/CMakeFiles/FreeRTOS.dir/__/__/Middlewares/Third_Party/FreeRTOS/Source/CMSIS_RTOS_V2/cmsis_os2.c.obj
 .debug_info    0x0000e86e      0x509 cmake/stm32cubemx/CMakeFiles/FreeRTOS.dir/__/__/Middlewares/Third_Party/FreeRTOS/Source/portable/MemMang/heap_4.c.obj
 .debug_info    0x0000ed77      0x456 cmake/stm32cubemx/CMakeFiles/FreeRTOS.dir/__/__/Middlewares/Third_Party/FreeRTOS/Source/portable/GCC/ARM_CM4F/port.c.obj
 .debug_info    0x0000f1cd      0xd6c CMakeFiles/H750VB.dir/Core/Src/main.c.obj
 .debug_info    0x0000ff39      0x3c2 CMakeFiles/H750VB.dir/Core/Src/debug_tools.c.obj
 .debug_info    0x000102fb      0x202 CMakeFiles/H750VB.dir/Core/Src/freertos.c.obj
 .debug_info    0x000104fd      0x36c CMakeFiles/H750VB.dir/os/Task/os_task.c.obj
 .debug_info    0x00010869      0x462 CMakeFiles/H750VB.dir/Services/network/ethernet.c.obj
 .debug_info    0x00010ccb      0x351 CMakeFiles/H750VB.dir/Services/logger/logger.c.obj
 .debug_info    0x0001101c      0x129 CMakeFiles/H750VB.dir/Core/Src/stm32h7xx_it.c.obj
 .debug_info    0x00011145      0x81a CMakeFiles/H750VB.dir/Core/Src/stm32h7xx_hal_msp.c.obj
 .debug_info    0x0001195f       0x30 CMakeFiles/H750VB.dir/startup_stm32h750xx.s.obj

.debug_abbrev   0x00000000     0x2f6c
 .debug_abbrev  0x00000000      0x165 cmake/stm32cubemx/CMakeFiles/STM32_Drivers.dir/__/__/Core/Src/system_stm32h7xx.c.obj
 .debug_abbrev  0x00000165      0x339 cmake/stm32cubemx/CMakeFiles/STM32_Drivers.dir/__/__/Drivers/STM32H7xx_HAL_Driver/Src/stm32h7xx_hal_cortex.c.obj
 .debug_abbrev  0x0000049e      0x2c8 cmake/stm32cubemx/CMakeFiles/STM32_Drivers.dir/__/__/Drivers/STM32H7xx_HAL_Driver/Src/stm32h7xx_hal_rcc.c.obj
 .debug_abbrev  0x00000766      0x205 cmake/stm32cubemx/CMakeFiles/STM32_Drivers.dir/__/__/Drivers/STM32H7xx_HAL_Driver/Src/stm32h7xx_hal_gpio.c.obj
 .debug_abbrev  0x0000096b      0x2a7 cmake/stm32cubemx/CMakeFiles/STM32_Drivers.dir/__/__/Drivers/STM32H7xx_HAL_Driver/Src/stm32h7xx_hal_pwr_ex.c.obj
 .debug_abbrev  0x00000c12      0x295 cmake/stm32cubemx/CMakeFiles/STM32_Drivers.dir/__/__/Drivers/STM32H7xx_HAL_Driver/Src/stm32h7xx_hal.c.obj
 .debug_abbrev  0x00000ea7       0xf5 cmake/stm32cubemx/CMakeFiles/FreeRTOS.dir/__/__/Middlewares/Third_Party/FreeRTOS/Source/list.c.obj
 .debug_abbrev  0x00000f9c      0x391 cmake/stm32cubemx/CMakeFiles/FreeRTOS.dir/__/__/Middlewares/Third_Party/FreeRTOS/Source/queue.c.obj
 .debug_abbrev  0x0000132d      0x385 cmake/stm32cubemx/CMakeFiles/FreeRTOS.dir/__/__/Middlewares/Third_Party/FreeRTOS/Source/tasks.c.obj
 .debug_abbrev  0x000016b2      0x32e cmake/stm32cubemx/CMakeFiles/FreeRTOS.dir/__/__/Middlewares/Third_Party/FreeRTOS/Source/timers.c.obj
 .debug_abbrev  0x000019e0      0x54b cmake/stm32cubemx/CMakeFiles/FreeRTOS.dir/__/__/Middlewares/Third_Party/FreeRTOS/Source/CMSIS_RTOS_V2/cmsis_os2.c.obj
 .debug_abbrev  0x00001f2b      0x222 cmake/stm32cubemx/CMakeFiles/FreeRTOS.dir/__/__/Middlewares/Third_Party/FreeRTOS/Source/portable/MemMang/heap_4.c.obj
 .debug_abbrev  0x0000214d      0x273 cmake/stm32cubemx/CMakeFiles/FreeRTOS.dir/__/__/Middlewares/Third_Party/FreeRTOS/Source/portable/GCC/ARM_CM4F/port.c.obj
 .debug_abbrev  0x000023c0      0x2e8 CMakeFiles/H750VB.dir/Core/Src/main.c.obj
 .debug_abbrev  0x000026a8      0x1ae CMakeFiles/H750VB.dir/Core/Src/debug_tools.c.obj
 .debug_abbrev  0x00002856      0x132 CMakeFiles/H750VB.dir/Core/Src/freertos.c.obj
 .debug_abbrev  0x00002988      0x13f CMakeFiles/H750VB.dir/os/Task/os_task.c.obj
 .debug_abbrev  0x00002ac7      0x17c CMakeFiles/H750VB.dir/Services/network/ethernet.c.obj
 .debug_abbrev  0x00002c43      0x13f CMakeFiles/H750VB.dir/Services/logger/logger.c.obj
 .debug_abbrev  0x00002d82       0xaa CMakeFiles/H750VB.dir/Core/Src/stm32h7xx_it.c.obj
 .debug_abbrev  0x00002e2c      0x11c CMakeFiles/H750VB.dir/Core/Src/stm32h7xx_hal_msp.c.obj
 .debug_abbrev  0x00002f48       0x24 CMakeFiles/H750VB.dir/startup_stm32h750xx.s.obj

.debug_aranges  0x00000000      0xf50
 .debug_aranges
                0x00000000       0x30 cmake/stm32cubemx/CMakeFiles/STM32_Drivers.dir/__/__/Core/Src/system_stm32h7xx.c.obj
 .debug_aranges
                0x00000030      0x130 cmake/stm32cubemx/CMakeFiles/STM32_Drivers.dir/__/__/Drivers/STM32H7xx_HAL_Driver/Src/stm32h7xx_hal_cortex.c.obj
 .debug_aranges
                0x00000160       0x88 cmake/stm32cubemx/CMakeFiles/STM32_Drivers.dir/__/__/Drivers/STM32H7xx_HAL_Driver/Src/stm32h7xx_hal_rcc.c.obj
 .debug_aranges
                0x000001e8       0x58 cmake/stm32cubemx/CMakeFiles/STM32_Drivers.dir/__/__/Drivers/STM32H7xx_HAL_Driver/Src/stm32h7xx_hal_gpio.c.obj
 .debug_aranges
                0x00000240      0x158 cmake/stm32cubemx/CMakeFiles/STM32_Drivers.dir/__/__/Drivers/STM32H7xx_HAL_Driver/Src/stm32h7xx_hal_pwr_ex.c.obj
 .debug_aranges
                0x00000398      0x198 cmake/stm32cubemx/CMakeFiles/STM32_Drivers.dir/__/__/Drivers/STM32H7xx_HAL_Driver/Src/stm32h7xx_hal.c.obj
 .debug_aranges
                0x00000530       0x40 cmake/stm32cubemx/CMakeFiles/FreeRTOS.dir/__/__/Middlewares/Third_Party/FreeRTOS/Source/list.c.obj
 .debug_aranges
                0x00000570      0x170 cmake/stm32cubemx/CMakeFiles/FreeRTOS.dir/__/__/Middlewares/Third_Party/FreeRTOS/Source/queue.c.obj
 .debug_aranges
                0x000006e0      0x210 cmake/stm32cubemx/CMakeFiles/FreeRTOS.dir/__/__/Middlewares/Third_Party/FreeRTOS/Source/tasks.c.obj
 .debug_aranges
                0x000008f0      0x108 cmake/stm32cubemx/CMakeFiles/FreeRTOS.dir/__/__/Middlewares/Third_Party/FreeRTOS/Source/timers.c.obj
 .debug_aranges
                0x000009f8      0x2c0 cmake/stm32cubemx/CMakeFiles/FreeRTOS.dir/__/__/Middlewares/Third_Party/FreeRTOS/Source/CMSIS_RTOS_V2/cmsis_os2.c.obj
 .debug_aranges
                0x00000cb8       0x60 cmake/stm32cubemx/CMakeFiles/FreeRTOS.dir/__/__/Middlewares/Third_Party/FreeRTOS/Source/portable/MemMang/heap_4.c.obj
 .debug_aranges
                0x00000d18       0x80 cmake/stm32cubemx/CMakeFiles/FreeRTOS.dir/__/__/Middlewares/Third_Party/FreeRTOS/Source/portable/GCC/ARM_CM4F/port.c.obj
 .debug_aranges
                0x00000d98       0x50 CMakeFiles/H750VB.dir/Core/Src/main.c.obj
 .debug_aranges
                0x00000de8       0x30 CMakeFiles/H750VB.dir/Core/Src/debug_tools.c.obj
 .debug_aranges
                0x00000e18       0x40 CMakeFiles/H750VB.dir/Core/Src/freertos.c.obj
 .debug_aranges
                0x00000e58       0x20 CMakeFiles/H750VB.dir/os/Task/os_task.c.obj
 .debug_aranges
                0x00000e78       0x20 CMakeFiles/H750VB.dir/Services/network/ethernet.c.obj
 .debug_aranges
                0x00000e98       0x20 CMakeFiles/H750VB.dir/Services/logger/logger.c.obj
 .debug_aranges
                0x00000eb8       0x50 CMakeFiles/H750VB.dir/Core/Src/stm32h7xx_it.c.obj
 .debug_aranges
                0x00000f08       0x20 CMakeFiles/H750VB.dir/Core/Src/stm32h7xx_hal_msp.c.obj
 .debug_aranges
                0x00000f28       0x28 CMakeFiles/H750VB.dir/startup_stm32h750xx.s.obj

.debug_rnglists
                0x00000000      0xb76
 .debug_rnglists
                0x00000000       0x21 cmake/stm32cubemx/CMakeFiles/STM32_Drivers.dir/__/__/Core/Src/system_stm32h7xx.c.obj
 .debug_rnglists
                0x00000021       0xe0 cmake/stm32cubemx/CMakeFiles/STM32_Drivers.dir/__/__/Drivers/STM32H7xx_HAL_Driver/Src/stm32h7xx_hal_cortex.c.obj
 .debug_rnglists
                0x00000101       0x68 cmake/stm32cubemx/CMakeFiles/STM32_Drivers.dir/__/__/Drivers/STM32H7xx_HAL_Driver/Src/stm32h7xx_hal_rcc.c.obj
 .debug_rnglists
                0x00000169       0x3f cmake/stm32cubemx/CMakeFiles/STM32_Drivers.dir/__/__/Drivers/STM32H7xx_HAL_Driver/Src/stm32h7xx_hal_gpio.c.obj
 .debug_rnglists
                0x000001a8      0x103 cmake/stm32cubemx/CMakeFiles/STM32_Drivers.dir/__/__/Drivers/STM32H7xx_HAL_Driver/Src/stm32h7xx_hal_pwr_ex.c.obj
 .debug_rnglists
                0x000002ab      0x131 cmake/stm32cubemx/CMakeFiles/STM32_Drivers.dir/__/__/Drivers/STM32H7xx_HAL_Driver/Src/stm32h7xx_hal.c.obj
 .debug_rnglists
                0x000003dc       0x2b cmake/stm32cubemx/CMakeFiles/FreeRTOS.dir/__/__/Middlewares/Third_Party/FreeRTOS/Source/list.c.obj
 .debug_rnglists
                0x00000407      0x11d cmake/stm32cubemx/CMakeFiles/FreeRTOS.dir/__/__/Middlewares/Third_Party/FreeRTOS/Source/queue.c.obj
 .debug_rnglists
                0x00000524      0x1a9 cmake/stm32cubemx/CMakeFiles/FreeRTOS.dir/__/__/Middlewares/Third_Party/FreeRTOS/Source/tasks.c.obj
 .debug_rnglists
                0x000006cd       0xc7 cmake/stm32cubemx/CMakeFiles/FreeRTOS.dir/__/__/Middlewares/Third_Party/FreeRTOS/Source/timers.c.obj
 .debug_rnglists
                0x00000794      0x21f cmake/stm32cubemx/CMakeFiles/FreeRTOS.dir/__/__/Middlewares/Third_Party/FreeRTOS/Source/CMSIS_RTOS_V2/cmsis_os2.c.obj
 .debug_rnglists
                0x000009b3       0x48 cmake/stm32cubemx/CMakeFiles/FreeRTOS.dir/__/__/Middlewares/Third_Party/FreeRTOS/Source/portable/MemMang/heap_4.c.obj
 .debug_rnglists
                0x000009fb       0x5c cmake/stm32cubemx/CMakeFiles/FreeRTOS.dir/__/__/Middlewares/Third_Party/FreeRTOS/Source/portable/GCC/ARM_CM4F/port.c.obj
 .debug_rnglists
                0x00000a57       0x39 CMakeFiles/H750VB.dir/Core/Src/main.c.obj
 .debug_rnglists
                0x00000a90       0x1f CMakeFiles/H750VB.dir/Core/Src/debug_tools.c.obj
 .debug_rnglists
                0x00000aaf       0x2b CMakeFiles/H750VB.dir/Core/Src/freertos.c.obj
 .debug_rnglists
                0x00000ada       0x13 CMakeFiles/H750VB.dir/os/Task/os_task.c.obj
 .debug_rnglists
                0x00000aed       0x13 CMakeFiles/H750VB.dir/Services/network/ethernet.c.obj
 .debug_rnglists
                0x00000b00       0x13 CMakeFiles/H750VB.dir/Services/logger/logger.c.obj
 .debug_rnglists
                0x00000b13       0x37 CMakeFiles/H750VB.dir/Core/Src/stm32h7xx_it.c.obj
 .debug_rnglists
                0x00000b4a       0x13 CMakeFiles/H750VB.dir/Core/Src/stm32h7xx_hal_msp.c.obj
 .debug_rnglists
                0x00000b5d       0x19 CMakeFiles/H750VB.dir/startup_stm32h750xx.s.obj

.debug_macro    0x00000000    0x36fde
 .debug_macro   0x00000000      0x27c cmake/stm32cubemx/CMakeFiles/STM32_Drivers.dir/__/__/Core/Src/system_stm32h7xx.c.obj
 .debug_macro   0x0000027c      0xaf6 cmake/stm32cubemx/CMakeFiles/STM32_Drivers.dir/__/__/Core/Src/system_stm32h7xx.c.obj
 .debug_macro   0x00000d72       0x2e cmake/stm32cubemx/CMakeFiles/STM32_Drivers.dir/__/__/Core/Src/system_stm32h7xx.c.obj
 .debug_macro   0x00000da0       0x3b cmake/stm32cubemx/CMakeFiles/STM32_Drivers.dir/__/__/Core/Src/system_stm32h7xx.c.obj
 .debug_macro   0x00000ddb       0x22 cmake/stm32cubemx/CMakeFiles/STM32_Drivers.dir/__/__/Core/Src/system_stm32h7xx.c.obj
 .debug_macro   0x00000dfd       0x8e cmake/stm32cubemx/CMakeFiles/STM32_Drivers.dir/__/__/Core/Src/system_stm32h7xx.c.obj
 .debug_macro   0x00000e8b       0x51 cmake/stm32cubemx/CMakeFiles/STM32_Drivers.dir/__/__/Core/Src/system_stm32h7xx.c.obj
 .debug_macro   0x00000edc      0x103 cmake/stm32cubemx/CMakeFiles/STM32_Drivers.dir/__/__/Core/Src/system_stm32h7xx.c.obj
 .debug_macro   0x00000fdf       0x6a cmake/stm32cubemx/CMakeFiles/STM32_Drivers.dir/__/__/Core/Src/system_stm32h7xx.c.obj
 .debug_macro   0x00001049      0x1df cmake/stm32cubemx/CMakeFiles/STM32_Drivers.dir/__/__/Core/Src/system_stm32h7xx.c.obj
 .debug_macro   0x00001228       0x1c cmake/stm32cubemx/CMakeFiles/STM32_Drivers.dir/__/__/Core/Src/system_stm32h7xx.c.obj
 .debug_macro   0x00001244       0x22 cmake/stm32cubemx/CMakeFiles/STM32_Drivers.dir/__/__/Core/Src/system_stm32h7xx.c.obj
 .debug_macro   0x00001266       0xfb cmake/stm32cubemx/CMakeFiles/STM32_Drivers.dir/__/__/Core/Src/system_stm32h7xx.c.obj
 .debug_macro   0x00001361     0x1313 cmake/stm32cubemx/CMakeFiles/STM32_Drivers.dir/__/__/Core/Src/system_stm32h7xx.c.obj
 .debug_macro   0x00002674      0x11f cmake/stm32cubemx/CMakeFiles/STM32_Drivers.dir/__/__/Core/Src/system_stm32h7xx.c.obj
 .debug_macro   0x00002793       0x22 cmake/stm32cubemx/CMakeFiles/STM32_Drivers.dir/__/__/Core/Src/system_stm32h7xx.c.obj
 .debug_macro   0x000027b5    0x261af cmake/stm32cubemx/CMakeFiles/STM32_Drivers.dir/__/__/Core/Src/system_stm32h7xx.c.obj
 .debug_macro   0x00028964       0x6d cmake/stm32cubemx/CMakeFiles/STM32_Drivers.dir/__/__/Core/Src/system_stm32h7xx.c.obj
 .debug_macro   0x000289d1      0x22c cmake/stm32cubemx/CMakeFiles/STM32_Drivers.dir/__/__/Core/Src/system_stm32h7xx.c.obj
 .debug_macro   0x00028bfd     0x3d79 cmake/stm32cubemx/CMakeFiles/STM32_Drivers.dir/__/__/Core/Src/system_stm32h7xx.c.obj
 .debug_macro   0x0002c976      0x190 cmake/stm32cubemx/CMakeFiles/STM32_Drivers.dir/__/__/Core/Src/system_stm32h7xx.c.obj
 .debug_macro   0x0002cb06       0x7b cmake/stm32cubemx/CMakeFiles/STM32_Drivers.dir/__/__/Core/Src/system_stm32h7xx.c.obj
 .debug_macro   0x0002cb81       0x29 cmake/stm32cubemx/CMakeFiles/STM32_Drivers.dir/__/__/Core/Src/system_stm32h7xx.c.obj
 .debug_macro   0x0002cbaa       0x3c cmake/stm32cubemx/CMakeFiles/STM32_Drivers.dir/__/__/Core/Src/system_stm32h7xx.c.obj
 .debug_macro   0x0002cbe6       0x34 cmake/stm32cubemx/CMakeFiles/STM32_Drivers.dir/__/__/Core/Src/system_stm32h7xx.c.obj
 .debug_macro   0x0002cc1a      0x364 cmake/stm32cubemx/CMakeFiles/STM32_Drivers.dir/__/__/Core/Src/system_stm32h7xx.c.obj
 .debug_macro   0x0002cf7e       0x16 cmake/stm32cubemx/CMakeFiles/STM32_Drivers.dir/__/__/Core/Src/system_stm32h7xx.c.obj
 .debug_macro   0x0002cf94       0x4a cmake/stm32cubemx/CMakeFiles/STM32_Drivers.dir/__/__/Core/Src/system_stm32h7xx.c.obj
 .debug_macro   0x0002cfde       0x34 cmake/stm32cubemx/CMakeFiles/STM32_Drivers.dir/__/__/Core/Src/system_stm32h7xx.c.obj
 .debug_macro   0x0002d012       0x10 cmake/stm32cubemx/CMakeFiles/STM32_Drivers.dir/__/__/Core/Src/system_stm32h7xx.c.obj
 .debug_macro   0x0002d022       0x58 cmake/stm32cubemx/CMakeFiles/STM32_Drivers.dir/__/__/Core/Src/system_stm32h7xx.c.obj
 .debug_macro   0x0002d07a      0x1e5 cmake/stm32cubemx/CMakeFiles/STM32_Drivers.dir/__/__/Core/Src/system_stm32h7xx.c.obj
 .debug_macro   0x0002d25f      0x19b cmake/stm32cubemx/CMakeFiles/STM32_Drivers.dir/__/__/Core/Src/system_stm32h7xx.c.obj
 .debug_macro   0x0002d3fa       0x5d cmake/stm32cubemx/CMakeFiles/STM32_Drivers.dir/__/__/Core/Src/system_stm32h7xx.c.obj
 .debug_macro   0x0002d457     0x240e cmake/stm32cubemx/CMakeFiles/STM32_Drivers.dir/__/__/Core/Src/system_stm32h7xx.c.obj
 .debug_macro   0x0002f865     0x102c cmake/stm32cubemx/CMakeFiles/STM32_Drivers.dir/__/__/Core/Src/system_stm32h7xx.c.obj
 .debug_macro   0x00030891      0x154 cmake/stm32cubemx/CMakeFiles/STM32_Drivers.dir/__/__/Core/Src/system_stm32h7xx.c.obj
 .debug_macro   0x000309e5      0x114 cmake/stm32cubemx/CMakeFiles/STM32_Drivers.dir/__/__/Core/Src/system_stm32h7xx.c.obj
 .debug_macro   0x00030af9      0x3b6 cmake/stm32cubemx/CMakeFiles/STM32_Drivers.dir/__/__/Core/Src/system_stm32h7xx.c.obj
 .debug_macro   0x00030eaf       0xac cmake/stm32cubemx/CMakeFiles/STM32_Drivers.dir/__/__/Core/Src/system_stm32h7xx.c.obj
 .debug_macro   0x00030f5b      0x72d cmake/stm32cubemx/CMakeFiles/STM32_Drivers.dir/__/__/Core/Src/system_stm32h7xx.c.obj
 .debug_macro   0x00031688      0x228 cmake/stm32cubemx/CMakeFiles/STM32_Drivers.dir/__/__/Core/Src/system_stm32h7xx.c.obj
 .debug_macro   0x000318b0       0x66 cmake/stm32cubemx/CMakeFiles/STM32_Drivers.dir/__/__/Core/Src/system_stm32h7xx.c.obj
 .debug_macro   0x00031916      0x3bb cmake/stm32cubemx/CMakeFiles/STM32_Drivers.dir/__/__/Core/Src/system_stm32h7xx.c.obj
 .debug_macro   0x00031cd1      0x3e4 cmake/stm32cubemx/CMakeFiles/STM32_Drivers.dir/__/__/Core/Src/system_stm32h7xx.c.obj
 .debug_macro   0x000320b5      0x275 cmake/stm32cubemx/CMakeFiles/STM32_Drivers.dir/__/__/Core/Src/system_stm32h7xx.c.obj
 .debug_macro   0x0003232a      0x3ca cmake/stm32cubemx/CMakeFiles/STM32_Drivers.dir/__/__/Core/Src/system_stm32h7xx.c.obj
 .debug_macro   0x000326f4      0x3de cmake/stm32cubemx/CMakeFiles/STM32_Drivers.dir/__/__/Core/Src/system_stm32h7xx.c.obj
 .debug_macro   0x00032ad2       0x3c cmake/stm32cubemx/CMakeFiles/STM32_Drivers.dir/__/__/Core/Src/system_stm32h7xx.c.obj
 .debug_macro   0x00032b0e       0x4a cmake/stm32cubemx/CMakeFiles/STM32_Drivers.dir/__/__/Core/Src/system_stm32h7xx.c.obj
 .debug_macro   0x00032b58      0x22c cmake/stm32cubemx/CMakeFiles/STM32_Drivers.dir/__/__/Core/Src/system_stm32h7xx.c.obj
 .debug_macro   0x00032d84       0x67 cmake/stm32cubemx/CMakeFiles/STM32_Drivers.dir/__/__/Core/Src/system_stm32h7xx.c.obj
 .debug_macro   0x00032deb       0xa5 cmake/stm32cubemx/CMakeFiles/STM32_Drivers.dir/__/__/Core/Src/system_stm32h7xx.c.obj
 .debug_macro   0x00032e90      0x1c4 cmake/stm32cubemx/CMakeFiles/STM32_Drivers.dir/__/__/Core/Src/system_stm32h7xx.c.obj
 .debug_macro   0x00033054      0x25e cmake/stm32cubemx/CMakeFiles/STM32_Drivers.dir/__/__/Core/Src/system_stm32h7xx.c.obj
 .debug_macro   0x000332b2       0x35 cmake/stm32cubemx/CMakeFiles/STM32_Drivers.dir/__/__/Core/Src/system_stm32h7xx.c.obj
 .debug_macro   0x000332e7      0x5ac cmake/stm32cubemx/CMakeFiles/STM32_Drivers.dir/__/__/Core/Src/system_stm32h7xx.c.obj
 .debug_macro   0x00033893      0x27c cmake/stm32cubemx/CMakeFiles/STM32_Drivers.dir/__/__/Drivers/STM32H7xx_HAL_Driver/Src/stm32h7xx_hal_cortex.c.obj
 .debug_macro   0x00033b0f      0x2a0 cmake/stm32cubemx/CMakeFiles/STM32_Drivers.dir/__/__/Drivers/STM32H7xx_HAL_Driver/Src/stm32h7xx_hal_rcc.c.obj
 .debug_macro   0x00033daf      0x283 cmake/stm32cubemx/CMakeFiles/STM32_Drivers.dir/__/__/Drivers/STM32H7xx_HAL_Driver/Src/stm32h7xx_hal_gpio.c.obj
 .debug_macro   0x00034032      0x2b5 cmake/stm32cubemx/CMakeFiles/STM32_Drivers.dir/__/__/Drivers/STM32H7xx_HAL_Driver/Src/stm32h7xx_hal_pwr_ex.c.obj
 .debug_macro   0x000342e7      0x2a6 cmake/stm32cubemx/CMakeFiles/STM32_Drivers.dir/__/__/Drivers/STM32H7xx_HAL_Driver/Src/stm32h7xx_hal.c.obj
 .debug_macro   0x0003458d      0x19d cmake/stm32cubemx/CMakeFiles/FreeRTOS.dir/__/__/Middlewares/Third_Party/FreeRTOS/Source/list.c.obj
 .debug_macro   0x0003472a      0x22f cmake/stm32cubemx/CMakeFiles/FreeRTOS.dir/__/__/Middlewares/Third_Party/FreeRTOS/Source/queue.c.obj
 .debug_macro   0x00034959       0x16 cmake/stm32cubemx/CMakeFiles/FreeRTOS.dir/__/__/Middlewares/Third_Party/FreeRTOS/Source/queue.c.obj
 .debug_macro   0x0003496f       0x3c cmake/stm32cubemx/CMakeFiles/FreeRTOS.dir/__/__/Middlewares/Third_Party/FreeRTOS/Source/queue.c.obj
 .debug_macro   0x000349ab      0x284 cmake/stm32cubemx/CMakeFiles/FreeRTOS.dir/__/__/Middlewares/Third_Party/FreeRTOS/Source/tasks.c.obj
 .debug_macro   0x00034c2f       0x16 cmake/stm32cubemx/CMakeFiles/FreeRTOS.dir/__/__/Middlewares/Third_Party/FreeRTOS/Source/tasks.c.obj
 .debug_macro   0x00034c45      0x1ec cmake/stm32cubemx/CMakeFiles/FreeRTOS.dir/__/__/Middlewares/Third_Party/FreeRTOS/Source/timers.c.obj
 .debug_macro   0x00034e31      0x3df cmake/stm32cubemx/CMakeFiles/FreeRTOS.dir/__/__/Middlewares/Third_Party/FreeRTOS/Source/CMSIS_RTOS_V2/cmsis_os2.c.obj
 .debug_macro   0x00035210       0x94 cmake/stm32cubemx/CMakeFiles/FreeRTOS.dir/__/__/Middlewares/Third_Party/FreeRTOS/Source/CMSIS_RTOS_V2/cmsis_os2.c.obj
 .debug_macro   0x000352a4       0xa8 cmake/stm32cubemx/CMakeFiles/FreeRTOS.dir/__/__/Middlewares/Third_Party/FreeRTOS/Source/CMSIS_RTOS_V2/cmsis_os2.c.obj
 .debug_macro   0x0003534c       0x22 cmake/stm32cubemx/CMakeFiles/FreeRTOS.dir/__/__/Middlewares/Third_Party/FreeRTOS/Source/CMSIS_RTOS_V2/cmsis_os2.c.obj
 .debug_macro   0x0003536e       0x74 cmake/stm32cubemx/CMakeFiles/FreeRTOS.dir/__/__/Middlewares/Third_Party/FreeRTOS/Source/CMSIS_RTOS_V2/cmsis_os2.c.obj
 .debug_macro   0x000353e2      0x213 cmake/stm32cubemx/CMakeFiles/FreeRTOS.dir/__/__/Middlewares/Third_Party/FreeRTOS/Source/portable/MemMang/heap_4.c.obj
 .debug_macro   0x000355f5      0x1c1 cmake/stm32cubemx/CMakeFiles/FreeRTOS.dir/__/__/Middlewares/Third_Party/FreeRTOS/Source/portable/GCC/ARM_CM4F/port.c.obj
 .debug_macro   0x000357b6      0x300 CMakeFiles/H750VB.dir/Core/Src/main.c.obj
 .debug_macro   0x00035ab6      0x188 CMakeFiles/H750VB.dir/Core/Src/main.c.obj
 .debug_macro   0x00035c3e      0x28a CMakeFiles/H750VB.dir/Core/Src/debug_tools.c.obj
 .debug_macro   0x00035ec8      0x32e CMakeFiles/H750VB.dir/Core/Src/freertos.c.obj
 .debug_macro   0x000361f6      0x188 CMakeFiles/H750VB.dir/Core/Src/freertos.c.obj
 .debug_macro   0x0003637e       0x1c CMakeFiles/H750VB.dir/Core/Src/freertos.c.obj
 .debug_macro   0x0003639a       0x10 CMakeFiles/H750VB.dir/Core/Src/freertos.c.obj
 .debug_macro   0x000363aa       0xff CMakeFiles/H750VB.dir/os/Task/os_task.c.obj
 .debug_macro   0x000364a9      0x31d CMakeFiles/H750VB.dir/Services/network/ethernet.c.obj
 .debug_macro   0x000367c6       0xff CMakeFiles/H750VB.dir/Services/logger/logger.c.obj
 .debug_macro   0x000368c5      0x311 CMakeFiles/H750VB.dir/Core/Src/stm32h7xx_it.c.obj
 .debug_macro   0x00036bd6      0x182 CMakeFiles/H750VB.dir/Core/Src/stm32h7xx_it.c.obj
 .debug_macro   0x00036d58      0x286 CMakeFiles/H750VB.dir/Core/Src/stm32h7xx_hal_msp.c.obj

.debug_line     0x00000000     0xf7ce
 .debug_line    0x00000000      0x8b4 cmake/stm32cubemx/CMakeFiles/STM32_Drivers.dir/__/__/Core/Src/system_stm32h7xx.c.obj
 .debug_line    0x000008b4      0xc6a cmake/stm32cubemx/CMakeFiles/STM32_Drivers.dir/__/__/Drivers/STM32H7xx_HAL_Driver/Src/stm32h7xx_hal_cortex.c.obj
 .debug_line    0x0000151e     0x132b cmake/stm32cubemx/CMakeFiles/STM32_Drivers.dir/__/__/Drivers/STM32H7xx_HAL_Driver/Src/stm32h7xx_hal_rcc.c.obj
 .debug_line    0x00002849      0xb20 cmake/stm32cubemx/CMakeFiles/STM32_Drivers.dir/__/__/Drivers/STM32H7xx_HAL_Driver/Src/stm32h7xx_hal_gpio.c.obj
 .debug_line    0x00003369      0xe08 cmake/stm32cubemx/CMakeFiles/STM32_Drivers.dir/__/__/Drivers/STM32H7xx_HAL_Driver/Src/stm32h7xx_hal_pwr_ex.c.obj
 .debug_line    0x00004171      0xc84 cmake/stm32cubemx/CMakeFiles/STM32_Drivers.dir/__/__/Drivers/STM32H7xx_HAL_Driver/Src/stm32h7xx_hal.c.obj
 .debug_line    0x00004df5      0x56c cmake/stm32cubemx/CMakeFiles/FreeRTOS.dir/__/__/Middlewares/Third_Party/FreeRTOS/Source/list.c.obj
 .debug_line    0x00005361     0x13f9 cmake/stm32cubemx/CMakeFiles/FreeRTOS.dir/__/__/Middlewares/Third_Party/FreeRTOS/Source/queue.c.obj
 .debug_line    0x0000675a     0x1a09 cmake/stm32cubemx/CMakeFiles/FreeRTOS.dir/__/__/Middlewares/Third_Party/FreeRTOS/Source/tasks.c.obj
 .debug_line    0x00008163      0xafc cmake/stm32cubemx/CMakeFiles/FreeRTOS.dir/__/__/Middlewares/Third_Party/FreeRTOS/Source/timers.c.obj
 .debug_line    0x00008c5f     0x223d cmake/stm32cubemx/CMakeFiles/FreeRTOS.dir/__/__/Middlewares/Third_Party/FreeRTOS/Source/CMSIS_RTOS_V2/cmsis_os2.c.obj
 .debug_line    0x0000ae9c      0x7c0 cmake/stm32cubemx/CMakeFiles/FreeRTOS.dir/__/__/Middlewares/Third_Party/FreeRTOS/Source/portable/MemMang/heap_4.c.obj
 .debug_line    0x0000b65c      0x6b1 cmake/stm32cubemx/CMakeFiles/FreeRTOS.dir/__/__/Middlewares/Third_Party/FreeRTOS/Source/portable/GCC/ARM_CM4F/port.c.obj
 .debug_line    0x0000bd0d      0x9a0 CMakeFiles/H750VB.dir/Core/Src/main.c.obj
 .debug_line    0x0000c6ad      0x717 CMakeFiles/H750VB.dir/Core/Src/debug_tools.c.obj
 .debug_line    0x0000cdc4      0x94c CMakeFiles/H750VB.dir/Core/Src/freertos.c.obj
 .debug_line    0x0000d710      0x422 CMakeFiles/H750VB.dir/os/Task/os_task.c.obj
 .debug_line    0x0000db32      0x88a CMakeFiles/H750VB.dir/Services/network/ethernet.c.obj
 .debug_line    0x0000e3bc      0x43b CMakeFiles/H750VB.dir/Services/logger/logger.c.obj
 .debug_line    0x0000e7f7      0x8b0 CMakeFiles/H750VB.dir/Core/Src/stm32h7xx_it.c.obj
 .debug_line    0x0000f0a7      0x6ac CMakeFiles/H750VB.dir/Core/Src/stm32h7xx_hal_msp.c.obj
 .debug_line    0x0000f753       0x7b CMakeFiles/H750VB.dir/startup_stm32h750xx.s.obj

.debug_str      0x00000000   0x15c93e
 .debug_str     0x00000000   0x15c93e cmake/stm32cubemx/CMakeFiles/STM32_Drivers.dir/__/__/Core/Src/system_stm32h7xx.c.obj
                             0x14e5b7 (size before relaxing)
 .debug_str     0x0015c93e   0x14eed8 cmake/stm32cubemx/CMakeFiles/STM32_Drivers.dir/__/__/Drivers/STM32H7xx_HAL_Driver/Src/stm32h7xx_hal_cortex.c.obj
 .debug_str     0x0015c93e   0x14e90c cmake/stm32cubemx/CMakeFiles/STM32_Drivers.dir/__/__/Drivers/STM32H7xx_HAL_Driver/Src/stm32h7xx_hal_rcc.c.obj
 .debug_str     0x0015c93e   0x14e528 cmake/stm32cubemx/CMakeFiles/STM32_Drivers.dir/__/__/Drivers/STM32H7xx_HAL_Driver/Src/stm32h7xx_hal_gpio.c.obj